MPLINK 4.39, Linker
Linker Map File - Created Mon Sep 10 14:14:06 2012

                                 Section Info
                  Section       Type    Address   Location Size(Bytes)
                ---------  ---------  ---------  ---------  ---------
               _entry_scn       code   0x000000    program   0x000006
       .code__user_putc.o       code   0x000006    program   0x000002
             hp_interrupt       code   0x000008    program   0x000006
           .code___init.o       code   0x00000e    program   0x000002
        .idata_stdout.o_i    romdata   0x000010    program   0x000002
          .idata_Tick.o_i    romdata   0x000012    program   0x000004
             lp_interrupt       code   0x000018    program   0x000006
                   .cinit    romdata   0x00001e    program   0x00004a
            .code_rs232.o       code   0x000068    program   0x000de0
         .code_vfprintf.o       code   0x000e48    program   0x000c22
       .code_SPIManager.o       code   0x001a6a    program   0x00047c
           .code_rigel7.o       code   0x001ee6    program   0x0003fa
                     PROG       code   0x0022e0    program   0x000338
       .code_OutManager.o       code   0x002618    program   0x0002e4
             .stringtable    romdata   0x0028fc    program   0x00021b
      .idata_spi_writ.o_i    romdata   0x002b17    program   0x000000
      .romdata_spi_writ.o    romdata   0x002b17    program   0x000000
        .idata_uwrite.o_i    romdata   0x002b17    program   0x000000
         .romdata_udefs.o    romdata   0x002b17    program   0x000000
        .romdata_uwrite.o    romdata   0x002b17    program   0x000000
        .idata___init.o_i    romdata   0x002b17    program   0x000000
        .romdata___init.o    romdata   0x002b17    program   0x000000
         .idata_udefs.o_i    romdata   0x002b17    program   0x000000
         .romdata_uread.o    romdata   0x002b17    program   0x000000
         .idata_uread.o_i    romdata   0x002b17    program   0x000000
         .romdata_uopen.o    romdata   0x002b17    program   0x000000
        .idata_printf.o_i    romdata   0x002b17    program   0x000000
        .romdata_printf.o    romdata   0x002b17    program   0x000000
        .idata_uputrs.o_i    romdata   0x002b17    program   0x000000
        .romdata_uputrs.o    romdata   0x002b17    program   0x000000
         .idata_uputs.o_i    romdata   0x002b17    program   0x000000
         .romdata_uputs.o    romdata   0x002b17    program   0x000000
       .idata_sprintf.o_i    romdata   0x002b17    program   0x000000
       .romdata_sprintf.o    romdata   0x002b17    program   0x000000
        .romdata_stdout.o    romdata   0x002b17    program   0x000000
      .idata_vfprintf.o_i    romdata   0x002b17    program   0x000000
       .idata_fxm3232.o_i    romdata   0x002b17    program   0x000000
       .romdata_fxm3232.o    romdata   0x002b17    program   0x000000
          .idata_putc.o_i    romdata   0x002b17    program   0x000000
          .romdata_putc.o    romdata   0x002b17    program   0x000000
    .idata__user_putc.o_i    romdata   0x002b17    program   0x000000
    .romdata__user_putc.o    romdata   0x002b17    program   0x000000
         .idata_c018i.o_i    romdata   0x002b17    program   0x000000
         .romdata_c018i.o    romdata   0x002b17    program   0x000000
        .romdata_rigel7.o    romdata   0x002b17    program   0x000000
         .romdata_rs232.o    romdata   0x002b17    program   0x000000
          .romdata_Tick.o    romdata   0x002b17    program   0x000000
    .romdata_OutManager.o    romdata   0x002b17    program   0x000000
    .romdata_SPIManager.o    romdata   0x002b17    program   0x000000
         .idata_uopen.o_i    romdata   0x002b17    program   0x000000
      .romdata_fxd3232u.o    romdata   0x002b17    program   0x000000
      .idata_fxd3232u.o_i    romdata   0x002b17    program   0x000000
            .code_c018i.o       code   0x002b18    program   0x000000
           .code_stdout.o       code   0x002b18    program   0x000000
             .code_Tick.o       code   0x002b18    program   0x000140
            .code_udefs.o       code   0x002b18    program   0x000000
                   STDLIB       code   0x002c58    program   0x0000ea
                    CTYPE       code   0x002d42    program   0x0000be
          .code_sprintf.o       code   0x002e00    program   0x0000ac
               _cinit_scn       code   0x002eac    program   0x00009e
           .code_printf.o       code   0x002f4a    program   0x000098
                   STRING       code   0x002fe2    program   0x000092
            .code_uopen.o       code   0x003074    program   0x00008a
             .code_putc.o       code   0x0030fe    program   0x000084
          .code_fxm3232.o       code   0x003182    program   0x000070
           .code_uputrs.o       code   0x0031f2    program   0x000064
            .code_uputs.o       code   0x003256    program   0x00004c
         .code_fxd3232u.o       code   0x0032a2    program   0x000048
            .code_uread.o       code   0x0032ea    program   0x00003e
         .code_spi_writ.o       code   0x003328    program   0x00003c
           .code_uwrite.o       code   0x003364    program   0x00002e
                    .code       code   0x003392    program   0x000020
             _startup_scn       code   0x0033b2    program   0x00001c
                    STDIO       code   0x0033ce    program   0x00001c
             D100TCYXCODE       code   0x0033ea    program   0x00001c
      .romdata_vfprintf.o    romdata   0x003406    program   0x000011
         .idata_rs232.o_i    romdata   0x003417    program   0x00005e
        .idata_rigel7.o_i    romdata   0x003475    program   0x000011
    .idata_SPIManager.o_i    romdata   0x003486    program   0x000012
    .idata_OutManager.o_i    romdata   0x003498    program   0x000010
  .config_300001_rigel7.o    romdata   0x300001    program   0x000001
  .config_300002_rigel7.o    romdata   0x300002    program   0x000001
  .config_300003_rigel7.o    romdata   0x300003    program   0x000001
  .config_300005_rigel7.o    romdata   0x300005    program   0x000001
  .config_300006_rigel7.o    romdata   0x300006    program   0x000001
  .config_300008_rigel7.o    romdata   0x300008    program   0x000001
  .config_300009_rigel7.o    romdata   0x300009    program   0x000001
  .config_30000a_rigel7.o    romdata   0x30000a    program   0x000001
  .config_30000b_rigel7.o    romdata   0x30000b    program   0x000001
  .config_30000c_rigel7.o    romdata   0x30000c    program   0x000001
  .config_30000d_rigel7.o    romdata   0x30000d    program   0x000001
                MATH_DATA      udata   0x000000       data   0x000014
                 .tmpdata      udata   0x000014       data   0x000008
                DELAYDAT1      udata   0x00001c       data   0x000001
           .idata_rs232.o      idata   0x000080       data   0x00005e
          .udata_rigel7.o      udata   0x0000de       data   0x00001d
          .idata_stdout.o      idata   0x0000fb       data   0x000002
           .udata_udefs.o      udata   0x0000fd       data   0x000001
          .idata_uwrite.o      idata   0x0000fe       data   0x000000
          .udata___init.o      udata   0x0000fe       data   0x000000
          .idata___init.o      idata   0x0000fe       data   0x000000
          .udata_printf.o      udata   0x0000fe       data   0x000000
          .idata_printf.o      idata   0x0000fe       data   0x000000
          .udata_uputrs.o      udata   0x0000fe       data   0x000000
          .idata_uputrs.o      idata   0x0000fe       data   0x000000
           .udata_uputs.o      udata   0x0000fe       data   0x000000
           .idata_uputs.o      idata   0x0000fe       data   0x000000
         .udata_sprintf.o      udata   0x0000fe       data   0x000000
         .idata_sprintf.o      idata   0x0000fe       data   0x000000
          .udata_stdout.o      udata   0x0000fe       data   0x000000
        .udata_vfprintf.o      udata   0x0000fe       data   0x000000
        .idata_vfprintf.o      idata   0x0000fe       data   0x000000
         .udata_fxm3232.o      udata   0x0000fe       data   0x000000
         .idata_fxm3232.o      idata   0x0000fe       data   0x000000
            .udata_putc.o      udata   0x0000fe       data   0x000000
            .idata_putc.o      idata   0x0000fe       data   0x000000
      .udata__user_putc.o      udata   0x0000fe       data   0x000000
      .idata__user_putc.o      idata   0x0000fe       data   0x000000
           .idata_c018i.o      idata   0x0000fe       data   0x000000
        .udata_fxd3232u.o      udata   0x0000fe       data   0x000000
        .idata_fxd3232u.o      idata   0x0000fe       data   0x000000
           .udata_uopen.o      udata   0x0000fe       data   0x000000
           .idata_uopen.o      idata   0x0000fe       data   0x000000
           .udata_uread.o      udata   0x0000fe       data   0x000000
           .idata_uread.o      idata   0x0000fe       data   0x000000
           .idata_udefs.o      idata   0x0000fe       data   0x000000
        .udata_spi_writ.o      udata   0x0000fe       data   0x000000
        .idata_spi_writ.o      idata   0x0000fe       data   0x000000
          .udata_uwrite.o      udata   0x0000fe       data   0x000000
           .udata_rs232.o      udata   0x000100       data   0x0000cf
      .idata_SPIManager.o      idata   0x0001cf       data   0x000012
          .idata_rigel7.o      idata   0x0001e1       data   0x000011
           .udata_c018i.o      udata   0x0001f2       data   0x00000a
            .idata_Tick.o      idata   0x0001fc       data   0x000004
      .udata_OutManager.o      udata   0x000200       data   0x0000c4
                scan_data      udata   0x000300       data   0x0001e0
                   .stack      udata   0x000e00       data   0x000100
      .udata_SPIManager.o      udata   0x000f00       data   0x000048
      .idata_OutManager.o      idata   0x000f48       data   0x000010
            .udata_Tick.o      udata   0x000f58       data   0x000006
            SFR_UNBANKED0      udata   0x000f80       data   0x000080



                              Program Memory Usage 
                               Start         End      
                           ---------   ---------      
                            0x000000    0x000015      
                            0x000018    0x002b16      
                            0x002b18    0x0034a7      
                            0x300001    0x300003      
                            0x300005    0x300006      
                            0x300008    0x30000d      
            13488 out of 66584 program addresses used, program memory utilization is 20%



                              Symbols - Sorted by Name
                     Name    Address   Location    Storage File                     
                ---------  ---------  ---------  --------- ---------                
                   D100_1   0x0033f8    program     static C:\MCC18\src\traditional\delays\d100tcyx.asm
                    D100x   0x0033f6    program     static C:\MCC18\src\traditional\delays\d100tcyx.asm
             Delay100TCYx   0x0033ea    program     extern C:\MCC18\src\traditional\delays\d100tcyx.asm
                 FLO3232S   0x0022e4    program     extern C:\MCC18\src\traditional\math\cast32FP.asm
                 FLO3232U   0x0022e0    program     extern C:\MCC18\src\traditional\math\cast32FP.asm
                    FPA32   0x002318    program     extern C:\MCC18\src\traditional\math\addFP.asm
                    FPS32   0x002316    program     extern C:\MCC18\src\traditional\math\addFP.asm
                 FXD3232U   0x0032a2    program     extern C:\MCC18\src\traditional\math\fxd3232u.c
                 FXM1616S   0x0025be    program     extern C:\MCC18\src\traditional\math\fxm1616s.asm
                  FXM3232   0x003182    program     extern C:\MCC18\src\traditional\math\fxm3232.c
              GetTickCopy   0x002b28    program     static Z:\Rigel\Firmware\Rigel7\Tick.c
                  INT3232   0x002444    program     extern C:\MCC18\src\traditional\math\castFP32.asm
                OpenUSART   0x003074    program     extern C:\MCC18\src\pmc_common\USART\uopen.c
                ReadUSART   0x0032ea    program     extern C:\MCC18\src\pmc_common\USART\uread.c
               TSIGN1616A   0x00260a    program     static C:\MCC18\src\traditional\math\fxm1616s.asm
TickConvertToMilliseconds   0x002c00    program     extern Z:\Rigel\Firmware\Rigel7\Tick.c
                  TickGet   0x002b4e    program     extern Z:\Rigel\Firmware\Rigel7\Tick.c
            TickGetDiv256   0x002b64    program     extern Z:\Rigel\Firmware\Rigel7\Tick.c
            TickGetDiv64K   0x002bb2    program     extern Z:\Rigel\Firmware\Rigel7\Tick.c
                 TickInit   0x002b18    program     extern Z:\Rigel\Firmware\Rigel7\Tick.c
               TickUpdate   0x002c44    program     extern Z:\Rigel\Firmware\Rigel7\Tick.c
                 WriteSPI   0x003328    program     extern C:\MCC18\src\pmc_common\SPI\spi_writ.c
               WriteUSART   0x003364    program     extern C:\MCC18\src\pmc_common\USART\uwrite.c
                   _2jEnd   0x00305e    program     static C:\MCC18\src\traditional\stdclib\slenpgm.asm
       _D100TCYXCODE_0008   0x0033f2    program     static C:\MCC18\src\traditional\delays\d100tcyx.asm
       _D100TCYXCODE_0012   0x0033fc    program     static C:\MCC18\src\traditional\delays\d100tcyx.asm
       _D100TCYXCODE_0018   0x003402    program     static C:\MCC18\src\traditional\delays\d100tcyx.asm
                 __FpExit   0x0024be    program     extern C:\MCC18\src\traditional\math\packFP.asm
                 __FpPack   0x0024ea    program     extern C:\MCC18\src\traditional\math\packFP.asm
            __FpReturnNaN   0x0024b2    program     extern C:\MCC18\src\traditional\math\packFP.asm
         __FpReturnNegInf   0x0024c4    program     extern C:\MCC18\src\traditional\math\packFP.asm
        __FpReturnNegZero   0x0024dc    program     extern C:\MCC18\src\traditional\math\packFP.asm
         __FpReturnPosInf   0x0024ca    program     extern C:\MCC18\src\traditional\math\packFP.asm
        __FpReturnPosZero   0x0024e4    program     extern C:\MCC18\src\traditional\math\packFP.asm
        __FpReturnSignInf   0x0024c0    program     extern C:\MCC18\src\traditional\math\packFP.asm
       __FpReturnSignZero   0x0024d8    program     extern C:\MCC18\src\traditional\math\packFP.asm
              __FpReturnW   0x002542    program     extern C:\MCC18\src\traditional\math\packFP.asm
              __FpUnPackA   0x002562    program     extern C:\MCC18\src\traditional\math\UnpackFP.asm
              __FpUnPackB   0x002592    program     extern C:\MCC18\src\traditional\math\UnpackFP.asm
           ___do_lbl00002   0x002b46    program     static                          
           ___do_lbl00003   0x002b4a    program     static                          
           ___do_lbl00004   0x002b28    program     static                          
       ___return_lbl00000   0x00000c    program     static                          
       ___return_lbl00000   0x000004    program     static                          
       ___return_lbl00000   0x0031f0    program     static                          
       ___return_lbl00000   0x0032e8    program     static                          
       ___return_lbl00001   0x0033cc    program     static                          
       ___return_lbl00001   0x002b4c    program     static                          
       ___return_lbl00001   0x00001c    program     static                          
       ___return_lbl00002   0x002f48    program     static                          
               __config_0   0x300001    program     static Z:\RIGEL\FIRMWARE\RIGEL7\rigel7.c
               __config_1   0x300002    program     static Z:\RIGEL\FIRMWARE\RIGEL7\rigel7.c
              __config_10   0x30000d    program     static Z:\RIGEL\FIRMWARE\RIGEL7\rigel7.c
               __config_2   0x300003    program     static Z:\RIGEL\FIRMWARE\RIGEL7\rigel7.c
               __config_3   0x300005    program     static Z:\RIGEL\FIRMWARE\RIGEL7\rigel7.c
               __config_4   0x300006    program     static Z:\RIGEL\FIRMWARE\RIGEL7\rigel7.c
               __config_5   0x300008    program     static Z:\RIGEL\FIRMWARE\RIGEL7\rigel7.c
               __config_6   0x300009    program     static Z:\RIGEL\FIRMWARE\RIGEL7\rigel7.c
               __config_7   0x30000a    program     static Z:\RIGEL\FIRMWARE\RIGEL7\rigel7.c
               __config_8   0x30000b    program     static Z:\RIGEL\FIRMWARE\RIGEL7\rigel7.c
               __config_9   0x30000c    program     static Z:\RIGEL\FIRMWARE\RIGEL7\rigel7.c
                   __init   0x00000e    program     extern C:\MCC18\src\traditional\stdclib\__init.c
                   __pa_0   0x001788    program     static C:\MCC18\src\traditional\stdclib\vfprintf.c
                   __pa_1   0x001790    program     static C:\MCC18\src\traditional\stdclib\vfprintf.c
                  __pa_10   0x001844    program     static C:\MCC18\src\traditional\stdclib\vfprintf.c
                  __pa_11   0x001852    program     static C:\MCC18\src\traditional\stdclib\vfprintf.c
                  __pa_12   0x001868    program     static C:\MCC18\src\traditional\stdclib\vfprintf.c
                  __pa_13   0x001882    program     static C:\MCC18\src\traditional\stdclib\vfprintf.c
                  __pa_14   0x00189a    program     static C:\MCC18\src\traditional\stdclib\vfprintf.c
                  __pa_15   0x0018aa    program     static C:\MCC18\src\traditional\stdclib\vfprintf.c
                  __pa_16   0x0018c0    program     static C:\MCC18\src\traditional\stdclib\vfprintf.c
                  __pa_17   0x0018d2    program     static C:\MCC18\src\traditional\stdclib\vfprintf.c
                  __pa_18   0x0018e4    program     static C:\MCC18\src\traditional\stdclib\vfprintf.c
                  __pa_19   0x0018ee    program     static C:\MCC18\src\traditional\stdclib\vfprintf.c
                   __pa_2   0x00179a    program     static C:\MCC18\src\traditional\stdclib\vfprintf.c
                  __pa_20   0x0018fe    program     static C:\MCC18\src\traditional\stdclib\vfprintf.c
                  __pa_21   0x00190e    program     static C:\MCC18\src\traditional\stdclib\vfprintf.c
                  __pa_22   0x00191e    program     static C:\MCC18\src\traditional\stdclib\vfprintf.c
                  __pa_23   0x00192a    program     static C:\MCC18\src\traditional\stdclib\vfprintf.c
                  __pa_24   0x001938    program     static C:\MCC18\src\traditional\stdclib\vfprintf.c
                  __pa_25   0x001940    program     static C:\MCC18\src\traditional\stdclib\vfprintf.c
                  __pa_26   0x00194a    program     static C:\MCC18\src\traditional\stdclib\vfprintf.c
                  __pa_27   0x001954    program     static C:\MCC18\src\traditional\stdclib\vfprintf.c
                  __pa_28   0x00195c    program     static C:\MCC18\src\traditional\stdclib\vfprintf.c
                  __pa_29   0x00196a    program     static C:\MCC18\src\traditional\stdclib\vfprintf.c
                   __pa_3   0x0017a4    program     static C:\MCC18\src\traditional\stdclib\vfprintf.c
                  __pa_30   0x001986    program     static C:\MCC18\src\traditional\stdclib\vfprintf.c
                  __pa_31   0x0019a0    program     static C:\MCC18\src\traditional\stdclib\vfprintf.c
                  __pa_32   0x0019ba    program     static C:\MCC18\src\traditional\stdclib\vfprintf.c
                  __pa_33   0x0019d2    program     static C:\MCC18\src\traditional\stdclib\vfprintf.c
                  __pa_34   0x0019dc    program     static C:\MCC18\src\traditional\stdclib\vfprintf.c
                  __pa_35   0x0019ea    program     static C:\MCC18\src\traditional\stdclib\vfprintf.c
                  __pa_36   0x0019f2    program     static C:\MCC18\src\traditional\stdclib\vfprintf.c
                  __pa_37   0x0019fc    program     static C:\MCC18\src\traditional\stdclib\vfprintf.c
                  __pa_38   0x001a0c    program     static C:\MCC18\src\traditional\stdclib\vfprintf.c
                  __pa_39   0x001a1a    program     static C:\MCC18\src\traditional\stdclib\vfprintf.c
                   __pa_4   0x0017bc    program     static C:\MCC18\src\traditional\stdclib\vfprintf.c
                  __pa_40   0x001a26    program     static C:\MCC18\src\traditional\stdclib\vfprintf.c
                  __pa_41   0x001a32    program     static C:\MCC18\src\traditional\stdclib\vfprintf.c
                  __pa_42   0x001a3a    program     static C:\MCC18\src\traditional\stdclib\vfprintf.c
                  __pa_43   0x001a44    program     static C:\MCC18\src\traditional\stdclib\vfprintf.c
                  __pa_44   0x001a4a    program     static C:\MCC18\src\traditional\stdclib\vfprintf.c
                  __pa_45   0x001a54    program     static C:\MCC18\src\traditional\stdclib\vfprintf.c
                  __pa_46   0x001a60    program     static C:\MCC18\src\traditional\stdclib\vfprintf.c
                   __pa_5   0x0017d0    program     static C:\MCC18\src\traditional\stdclib\vfprintf.c
                   __pa_6   0x0017ec    program     static C:\MCC18\src\traditional\stdclib\vfprintf.c
                   __pa_7   0x0017f6    program     static C:\MCC18\src\traditional\stdclib\vfprintf.c
                   __pa_8   0x001802    program     static C:\MCC18\src\traditional\stdclib\vfprintf.c
                   __pa_9   0x001824    program     static C:\MCC18\src\traditional\stdclib\vfprintf.c
               __string_0   0x002a83    program     static Z:\Rigel\Firmware\Rigel7\OutManager.c
               __string_0   0x002af7    program     static Z:\Rigel\Firmware\Rigel7\SPIManager.c
               __string_1   0x002aee    program     static Z:\Rigel\Firmware\Rigel7\SPIManager.c
              __string_10   0x002993    program     static Z:\Rigel\Firmware\Rigel7\rs232.c
              __string_11   0x002984    program     static Z:\Rigel\Firmware\Rigel7\rs232.c
              __string_12   0x00297f    program     static Z:\Rigel\Firmware\Rigel7\rs232.c
              __string_13   0x002979    program     static Z:\Rigel\Firmware\Rigel7\rs232.c
              __string_14   0x002961    program     static Z:\Rigel\Firmware\Rigel7\rs232.c
              __string_15   0x00295d    program     static Z:\Rigel\Firmware\Rigel7\rs232.c
              __string_16   0x00294b    program     static Z:\Rigel\Firmware\Rigel7\rs232.c
              __string_17   0x002947    program     static Z:\Rigel\Firmware\Rigel7\rs232.c
              __string_18   0x002942    program     static Z:\Rigel\Firmware\Rigel7\rs232.c
              __string_19   0x002930    program     static Z:\Rigel\Firmware\Rigel7\rs232.c
               __string_2   0x002a80    program     static Z:\Rigel\Firmware\Rigel7\rs232.c
               __string_2   0x002add    program     static Z:\Rigel\Firmware\Rigel7\SPIManager.c
              __string_20   0x00292a    program     static Z:\Rigel\Firmware\Rigel7\rs232.c
              __string_21   0x002926    program     static Z:\Rigel\Firmware\Rigel7\rs232.c
              __string_22   0x002921    program     static Z:\Rigel\Firmware\Rigel7\rs232.c
              __string_23   0x002919    program     static Z:\Rigel\Firmware\Rigel7\rs232.c
              __string_24   0x0028fc    program     static Z:\Rigel\Firmware\Rigel7\rs232.c
               __string_3   0x002ace    program     static Z:\Rigel\Firmware\Rigel7\SPIManager.c
               __string_3   0x002a40    program     static Z:\Rigel\Firmware\Rigel7\rs232.c
               __string_4   0x002ac1    program     static Z:\Rigel\Firmware\Rigel7\SPIManager.c
               __string_4   0x002a13    program     static Z:\Rigel\Firmware\Rigel7\rs232.c
               __string_5   0x002aae    program     static Z:\Rigel\Firmware\Rigel7\SPIManager.c
               __string_5   0x0029f1    program     static Z:\Rigel\Firmware\Rigel7\rs232.c
               __string_6   0x002a92    program     static Z:\Rigel\Firmware\Rigel7\SPIManager.c
               __string_6   0x0029e4    program     static Z:\Rigel\Firmware\Rigel7\rs232.c
               __string_7   0x0029da    program     static Z:\Rigel\Firmware\Rigel7\rs232.c
               __string_8   0x0029ad    program     static Z:\Rigel\Firmware\Rigel7\rs232.c
               __string_9   0x00299f    program     static Z:\Rigel\Firmware\Rigel7\rs232.c
              __tmplbl_42   0x00191e    program     static                          
              __tmplbl_43   0x001766    program     static                          
              __tmplbl_44   0x00174c    program     static                          
              __tmplbl_85   0x000e9e    program     static                          
            __zero_memory   0x003392    program     extern C:\MCC18\src\traditional\proc\p18F4620.asm
                _do_cinit   0x002eac    program     extern C:\MCC18\src\traditional\startup\c018i.c
                   _entry   0x000000    program     extern C:\MCC18\src\traditional\startup\c018i.c
                   _false   0x0032e4    program     static                          
                 _startup   0x0033b2    program     extern C:\MCC18\src\traditional\startup\c018i.c
              _usart_putc   0x0033ce    program     extern C:\MCC18\src\pmc_common\USART\_usartpc.asm
               _user_putc   0x000006    program     extern C:\MCC18\src\traditional\stdclib\_user_putc.c
                appendMsg   0x0026ac    program     extern Z:\Rigel\Firmware\Rigel7\OutManager.c
                     atoi   0x002c58    program     extern C:\MCC18\src\traditional\stdclib\atoi.asm
                  cmdGate   0x00056c    program     extern Z:\Rigel\Firmware\Rigel7\rs232.c
                compare_l   0x0033a8    program     static C:\MCC18\src\traditional\proc\p18F4620.asm
                copy_loop   0x002f1e    program     static                          
            copy_one_byte   0x002f24    program     static                          
                 dispatch   0x000a56    program     extern Z:\Rigel\Firmware\Rigel7\rs232.c
                    doLPT   0x0021b4    program     extern Z:\RIGEL\FIRMWARE\RIGEL7\rigel7.c
              doLPTBeacon   0x00220e    program     extern Z:\RIGEL\FIRMWARE\RIGEL7\rigel7.c
                     done   0x002f48    program     static                          
             done_copying   0x002f32    program     static                          
                draw_rule   0x000240    program     extern Z:\Rigel\Firmware\Rigel7\rs232.c
           enableScanLoad   0x001ece    program     extern Z:\Rigel\Firmware\Rigel7\SPIManager.c
           enableScanSend   0x00271e    program     extern Z:\Rigel\Firmware\Rigel7\OutManager.c
               envie_erro   0x000262    program     extern Z:\Rigel\Firmware\Rigel7\rs232.c
               getChannel   0x0028a8    program     extern Z:\Rigel\Firmware\Rigel7\OutManager.c
            getDebugLevel   0x00009e    program     extern Z:\Rigel\Firmware\Rigel7\rs232.c
              getOutbfPtr   0x00266a    program     extern Z:\Rigel\Firmware\Rigel7\OutManager.c
                 getParam   0x000068    program     extern Z:\Rigel\Firmware\Rigel7\rs232.c
             getScanValue   0x001c84    program     extern Z:\Rigel\Firmware\Rigel7\SPIManager.c
                   hasCmd   0x0000a6    program     extern Z:\Rigel\Firmware\Rigel7\rs232.c
                hasTXData   0x001b14    program     extern Z:\Rigel\Firmware\Rigel7\SPIManager.c
               hp_handler   0x001ee6    program     extern Z:\RIGEL\FIRMWARE\RIGEL7\rigel7.c
                   hp_int   0x000008    program     extern Z:\RIGEL\FIRMWARE\RIGEL7\rigel7.c
              initCommand   0x002684    program     extern Z:\Rigel\Firmware\Rigel7\OutManager.c
                initRS232   0x000440    program     extern Z:\Rigel\Firmware\Rigel7\rs232.c
                  initSPI   0x001a6a    program     extern Z:\Rigel\Firmware\Rigel7\SPIManager.c
               inputUSART   0x00047a    program     extern Z:\Rigel\Firmware\Rigel7\rs232.c
                 isBinary   0x000472    program     extern Z:\Rigel\Firmware\Rigel7\rs232.c
             isScanLoaded   0x001ed4    program     extern Z:\Rigel\Firmware\Rigel7\SPIManager.c
                isTimeout   0x001aa2    program     extern Z:\Rigel\Firmware\Rigel7\SPIManager.c
                  isdigit   0x002ddc    program     extern C:\MCC18\src\traditional\stdclib\isdigit.asm
                  islower   0x002d42    program     extern C:\MCC18\src\traditional\stdclib\islower.asm
                  isprint   0x002d66    program     extern C:\MCC18\src\traditional\stdclib\isprint.asm
                  isspace   0x002d8a    program     extern C:\MCC18\src\traditional\stdclib\isspace.asm
                 jANotInf   0x002340    program     static C:\MCC18\src\traditional\math\addFP.asm
                 jANotNeg   0x0023d4    program     static C:\MCC18\src\traditional\math\addFP.asm
              jAandWsetup   0x0023a4    program     static C:\MCC18\src\traditional\math\addFP.asm
                 jAltBexp   0x002392    program     static C:\MCC18\src\traditional\math\addFP.asm
                jBANotInf   0x002336    program     static C:\MCC18\src\traditional\math\addFP.asm
                 jBNotInf   0x00234e    program     static C:\MCC18\src\traditional\math\addFP.asm
            jDifOrPosSign   0x002362    program     static C:\MCC18\src\traditional\math\addFP.asm
                     jEnd   0x002d16    program     static C:\MCC18\src\traditional\stdclib\atoi.asm
                     jEnd   0x00300c    program     static C:\MCC18\src\traditional\stdclib\scmpp2r.asm
                     jEnd   0x003060    program     static C:\MCC18\src\traditional\stdclib\slenpgm.asm
                     jEnd   0x003028    program     static C:\MCC18\src\traditional\stdclib\strlen.asm
                 jEndLoop   0x002cfe    program     static C:\MCC18\src\traditional\stdclib\atoi.asm
                    jExit   0x0024b0    program     static C:\MCC18\src\traditional\math\castFP32.asm
               jFinalSign   0x00243c    program     static C:\MCC18\src\traditional\math\addFP.asm
                jI2F32Beg   0x0022fc    program     static C:\MCC18\src\traditional\math\cast32FP.asm
                    jLoop   0x003048    program     static C:\MCC18\src\traditional\stdclib\slenpgm.asm
                    jLoop   0x002484    program     static C:\MCC18\src\traditional\math\castFP32.asm
                    jLoop   0x003000    program     static C:\MCC18\src\traditional\stdclib\scmpp2r.asm
                    jLoop   0x00301e    program     static C:\MCC18\src\traditional\stdclib\strlen.asm
                    jLoop   0x002cb0    program     static C:\MCC18\src\traditional\stdclib\atoi.asm
                jLoopExit   0x002498    program     static C:\MCC18\src\traditional\math\castFP32.asm
                   jMatch   0x002db0    program     static C:\MCC18\src\traditional\stdclib\isspace.asm
                   jMatch   0x002d86    program     static C:\MCC18\src\traditional\stdclib\isprint.asm
                   jMatch   0x002d62    program     static C:\MCC18\src\traditional\stdclib\islower.asm
                   jMatch   0x002dfc    program     static C:\MCC18\src\traditional\stdclib\isdigit.asm
                     jMax   0x002454    program     static C:\MCC18\src\traditional\math\castFP32.asm
                  jMaxNeg   0x002466    program     static C:\MCC18\src\traditional\math\castFP32.asm
                  jMaxPos   0x002458    program     static C:\MCC18\src\traditional\math\castFP32.asm
                 jNoMatch   0x002dda    program     static C:\MCC18\src\traditional\stdclib\toupper.asm
                 jNoMatch   0x002d64    program     static C:\MCC18\src\traditional\stdclib\islower.asm
                 jNoMatch   0x002dfe    program     static C:\MCC18\src\traditional\stdclib\isdigit.asm
                 jNoMatch   0x002db2    program     static C:\MCC18\src\traditional\stdclib\isspace.asm
                 jNoMatch   0x002d88    program     static C:\MCC18\src\traditional\stdclib\isprint.asm
             jNotBothZero   0x002366    program     static C:\MCC18\src\traditional\math\addFP.asm
                  jNotInf   0x002472    program     static C:\MCC18\src\traditional\math\castFP32.asm
                  jPkLoop   0x0024f8    program     static C:\MCC18\src\traditional\math\packFP.asm
             jPkRoundDone   0x002542    program     static C:\MCC18\src\traditional\math\packFP.asm
               jPkRoundIt   0x00252a    program     static C:\MCC18\src\traditional\math\packFP.asm
             jPkShiftDone   0x002514    program     static C:\MCC18\src\traditional\math\packFP.asm
           jReturnPosInf0   0x0024ce    program     static C:\MCC18\src\traditional\math\packFP.asm
               jShiftDone   0x0023fc    program     static C:\MCC18\src\traditional\math\addFP.asm
               jShiftLoop   0x0023ee    program     static C:\MCC18\src\traditional\math\addFP.asm
                jSignDone   0x00242c    program     static C:\MCC18\src\traditional\math\addFP.asm
                  jSkipWS   0x002c86    program     static C:\MCC18\src\traditional\stdclib\atoi.asm
                 jSkipWS1   0x002c98    program     static C:\MCC18\src\traditional\stdclib\atoi.asm
                 jTstSign   0x002c9c    program     static C:\MCC18\src\traditional\stdclib\atoi.asm
                jTstSign1   0x002ca8    program     static C:\MCC18\src\traditional\stdclib\atoi.asm
                jTstSign2   0x002cae    program     static C:\MCC18\src\traditional\stdclib\atoi.asm
                jTstSign3   0x002cb0    program     static C:\MCC18\src\traditional\stdclib\atoi.asm
                  jUnpkA1   0x00256c    program     static C:\MCC18\src\traditional\math\UnpackFP.asm
                  jUnpkA2   0x002584    program     static C:\MCC18\src\traditional\math\UnpackFP.asm
                 jUnpkANZ   0x00257a    program     static C:\MCC18\src\traditional\math\UnpackFP.asm
                  jUnpkB1   0x00259c    program     static C:\MCC18\src\traditional\math\UnpackFP.asm
                  jUnpkB2   0x0025b4    program     static C:\MCC18\src\traditional\math\UnpackFP.asm
                 jUnpkBNZ   0x0025aa    program     static C:\MCC18\src\traditional\math\UnpackFP.asm
                 jUnpkNaN   0x00258e    program     static C:\MCC18\src\traditional\math\UnpackFP.asm
                 jWNotNeg   0x0023e8    program     static C:\MCC18\src\traditional\math\addFP.asm
                   jWr123   0x00245e    program     static C:\MCC18\src\traditional\math\castFP32.asm
                  jWrZ123   0x00246e    program     static C:\MCC18\src\traditional\math\castFP32.asm
                    jZero   0x00246c    program     static C:\MCC18\src\traditional\math\castFP32.asm
               jZero1and2   0x0024d2    program     static C:\MCC18\src\traditional\math\packFP.asm
                    lexer   0x000750    program     extern Z:\Rigel\Firmware\Rigel7\rs232.c
                loadBatch   0x001dd6    program     extern Z:\Rigel\Firmware\Rigel7\SPIManager.c
                 loadScan   0x001cba    program     extern Z:\Rigel\Firmware\Rigel7\SPIManager.c
                     loop   0x0033c2    program     static                          
                     loop   0x0033de    program     static C:\MCC18\src\pmc_common\USART\_usartpc.asm
                     loop   0x0032b0    program     static                          
                   loop_h   0x0033a0    program     static C:\MCC18\src\traditional\proc\p18F4620.asm
                   loop_l   0x0033aa    program     static C:\MCC18\src\traditional\proc\p18F4620.asm
               lp_handler   0x001fe4    program     extern Z:\RIGEL\FIRMWARE\RIGEL7\rigel7.c
                   lp_int   0x000018    program     extern Z:\RIGEL\FIRMWARE\RIGEL7\rigel7.c
                     main   0x002266    program     extern Z:\RIGEL\FIRMWARE\RIGEL7\rigel7.c
                popTXData   0x001b5e    program     extern Z:\Rigel\Firmware\Rigel7\SPIManager.c
                   printf   0x002f4a    program     extern C:\MCC18\src\traditional\stdclib\printf.c
             processState   0x002102    program     extern Z:\RIGEL\FIRMWARE\RIGEL7\rigel7.c
               pushTXData   0x001b32    program     extern Z:\Rigel\Firmware\Rigel7\SPIManager.c
                  putSPIM   0x001ba8    program     extern Z:\Rigel\Firmware\Rigel7\SPIManager.c
                     putc   0x0030fe    program     extern C:\MCC18\src\traditional\stdclib\putc.c
               putrsUSART   0x0031f2    program     extern C:\MCC18\src\pmc_common\USART\uputrs.c
                 putsSPIM   0x001c42    program     extern Z:\Rigel\Firmware\Rigel7\SPIManager.c
                putsUSART   0x003256    program     extern C:\MCC18\src\pmc_common\USART\uputs.c
                  receive   0x0004a0    program     extern Z:\Rigel\Firmware\Rigel7\rs232.c
                  repchar   0x000194    program     extern Z:\Rigel\Firmware\Rigel7\rs232.c
          resetOutManager   0x002618    program     extern Z:\Rigel\Firmware\Rigel7\OutManager.c
                 s_digits   0x003406    program     static C:\MCC18\src\traditional\stdclib\vfprintf.c
            s_put_n_chars   0x000e48    program     static C:\MCC18\src\traditional\stdclib\vfprintf.c
              sendCommand   0x0026d0    program     extern Z:\Rigel\Firmware\Rigel7\OutManager.c
                 sendEcho   0x000420    program     extern Z:\Rigel\Firmware\Rigel7\rs232.c
                sendJurid   0x002084    program     extern Z:\RIGEL\FIRMWARE\RIGEL7\rigel7.c
                  sendSPI   0x001b96    program     extern Z:\Rigel\Firmware\Rigel7\SPIManager.c
                 sendScan   0x002734    program     extern Z:\Rigel\Firmware\Rigel7\OutManager.c
                setTXData   0x001b1c    program     extern Z:\Rigel\Firmware\Rigel7\SPIManager.c
               setTimeout   0x001a92    program     extern Z:\Rigel\Firmware\Rigel7\SPIManager.c
              show_prompt   0x0001ba    program     extern Z:\Rigel\Firmware\Rigel7\rs232.c
               splash_msg   0x0000b6    program     extern Z:\Rigel\Firmware\Rigel7\rs232.c
                  sprintf   0x002e00    program     extern C:\MCC18\src\traditional\stdclib\sprintf.c
            strcmppgm2ram   0x002fe2    program     extern C:\MCC18\src\traditional\stdclib\scmpp2r.asm
                   strlen   0x00300e    program     extern C:\MCC18\src\traditional\stdclib\strlen.asm
                strlenpgm   0x00302a    program     extern C:\MCC18\src\traditional\stdclib\slenpgm.asm
                     test   0x002ec6    program     static                          
                toggleLPT   0x0020e2    program     extern Z:\RIGEL\FIRMWARE\RIGEL7\rigel7.c
                  toupper   0x002db4    program     extern C:\MCC18\src\traditional\stdclib\toupper.asm
                 vfprintf   0x000e74    program     extern C:\MCC18\src\traditional\stdclib\vfprintf.c
               zero_block   0x0033a0    program     static C:\MCC18\src\traditional\proc\p18F4620.asm
                   ADCON0   0x000fc2       data     extern C:\MCC18\src\traditional\proc\p18F4620.asm
               ADCON0bits   0x000fc2       data     extern C:\MCC18\src\traditional\proc\p18F4620.asm
                   ADCON1   0x000fc1       data     extern C:\MCC18\src\traditional\proc\p18F4620.asm
               ADCON1bits   0x000fc1       data     extern C:\MCC18\src\traditional\proc\p18F4620.asm
                   ADCON2   0x000fc0       data     extern C:\MCC18\src\traditional\proc\p18F4620.asm
               ADCON2bits   0x000fc0       data     extern C:\MCC18\src\traditional\proc\p18F4620.asm
                    ADRES   0x000fc3       data     extern C:\MCC18\src\traditional\proc\p18F4620.asm
                   ADRESH   0x000fc4       data     extern C:\MCC18\src\traditional\proc\p18F4620.asm
                   ADRESL   0x000fc3       data     extern C:\MCC18\src\traditional\proc\p18F4620.asm
                 AppState   0x0000de       data     static Z:\RIGEL\FIRMWARE\RIGEL7\rigel7.c
                  BAUDCON   0x000fb8       data     extern C:\MCC18\src\traditional\proc\p18F4620.asm
              BAUDCONbits   0x000fb8       data     extern C:\MCC18\src\traditional\proc\p18F4620.asm
                  BAUDCTL   0x000fb8       data     extern C:\MCC18\src\traditional\proc\p18F4620.asm
              BAUDCTLbits   0x000fb8       data     extern C:\MCC18\src\traditional\proc\p18F4620.asm
                      BSR   0x000fe0       data     extern C:\MCC18\src\traditional\proc\p18F4620.asm
                  CCP1CON   0x000fbd       data     extern C:\MCC18\src\traditional\proc\p18F4620.asm
              CCP1CONbits   0x000fbd       data     extern C:\MCC18\src\traditional\proc\p18F4620.asm
                  CCP2CON   0x000fba       data     extern C:\MCC18\src\traditional\proc\p18F4620.asm
              CCP2CONbits   0x000fba       data     extern C:\MCC18\src\traditional\proc\p18F4620.asm
                    CCPR1   0x000fbe       data     extern C:\MCC18\src\traditional\proc\p18F4620.asm
                   CCPR1H   0x000fbf       data     extern C:\MCC18\src\traditional\proc\p18F4620.asm
                   CCPR1L   0x000fbe       data     extern C:\MCC18\src\traditional\proc\p18F4620.asm
                    CCPR2   0x000fbb       data     extern C:\MCC18\src\traditional\proc\p18F4620.asm
                   CCPR2H   0x000fbc       data     extern C:\MCC18\src\traditional\proc\p18F4620.asm
                   CCPR2L   0x000fbb       data     extern C:\MCC18\src\traditional\proc\p18F4620.asm
                    CMCON   0x000fb4       data     extern C:\MCC18\src\traditional\proc\p18F4620.asm
                CMCONbits   0x000fb4       data     extern C:\MCC18\src\traditional\proc\p18F4620.asm
                   CVRCON   0x000fb5       data     extern C:\MCC18\src\traditional\proc\p18F4620.asm
               CVRCONbits   0x000fb5       data     extern C:\MCC18\src\traditional\proc\p18F4620.asm
                     DDRA   0x000f92       data     extern C:\MCC18\src\traditional\proc\p18F4620.asm
                 DDRAbits   0x000f92       data     extern C:\MCC18\src\traditional\proc\p18F4620.asm
                     DDRB   0x000f93       data     extern C:\MCC18\src\traditional\proc\p18F4620.asm
                 DDRBbits   0x000f93       data     extern C:\MCC18\src\traditional\proc\p18F4620.asm
                     DDRC   0x000f94       data     extern C:\MCC18\src\traditional\proc\p18F4620.asm
                 DDRCbits   0x000f94       data     extern C:\MCC18\src\traditional\proc\p18F4620.asm
                     DDRD   0x000f95       data     extern C:\MCC18\src\traditional\proc\p18F4620.asm
                 DDRDbits   0x000f95       data     extern C:\MCC18\src\traditional\proc\p18F4620.asm
                     DDRE   0x000f96       data     extern C:\MCC18\src\traditional\proc\p18F4620.asm
                 DDREbits   0x000f96       data     extern C:\MCC18\src\traditional\proc\p18F4620.asm
            DelayCounter1   0x00001c       data     extern C:\MCC18\src\traditional\delays\delayd1.asm
                  ECCP1AS   0x000fb6       data     extern C:\MCC18\src\traditional\proc\p18F4620.asm
              ECCP1ASbits   0x000fb6       data     extern C:\MCC18\src\traditional\proc\p18F4620.asm
                    EEADR   0x000fa9       data     extern C:\MCC18\src\traditional\proc\p18F4620.asm
                   EEADRH   0x000faa       data     extern C:\MCC18\src\traditional\proc\p18F4620.asm
                   EECON1   0x000fa6       data     extern C:\MCC18\src\traditional\proc\p18F4620.asm
               EECON1bits   0x000fa6       data     extern C:\MCC18\src\traditional\proc\p18F4620.asm
                   EECON2   0x000fa7       data     extern C:\MCC18\src\traditional\proc\p18F4620.asm
                   EEDATA   0x000fa8       data     extern C:\MCC18\src\traditional\proc\p18F4620.asm
                     FSR0   0x000fe9       data     extern C:\MCC18\src\traditional\proc\p18F4620.asm
                    FSR0H   0x000fea       data     extern C:\MCC18\src\traditional\proc\p18F4620.asm
                    FSR0L   0x000fe9       data     extern C:\MCC18\src\traditional\proc\p18F4620.asm
                     FSR1   0x000fe1       data     extern C:\MCC18\src\traditional\proc\p18F4620.asm
                    FSR1H   0x000fe2       data     extern C:\MCC18\src\traditional\proc\p18F4620.asm
                    FSR1L   0x000fe1       data     extern C:\MCC18\src\traditional\proc\p18F4620.asm
                     FSR2   0x000fd9       data     extern C:\MCC18\src\traditional\proc\p18F4620.asm
                    FSR2H   0x000fda       data     extern C:\MCC18\src\traditional\proc\p18F4620.asm
                    FSR2L   0x000fd9       data     extern C:\MCC18\src\traditional\proc\p18F4620.asm
                  HLVDCON   0x000fd2       data     extern C:\MCC18\src\traditional\proc\p18F4620.asm
              HLVDCONbits   0x000fd2       data     extern C:\MCC18\src\traditional\proc\p18F4620.asm
                    INDF0   0x000fef       data     extern C:\MCC18\src\traditional\proc\p18F4620.asm
                    INDF1   0x000fe7       data     extern C:\MCC18\src\traditional\proc\p18F4620.asm
                    INDF2   0x000fdf       data     extern C:\MCC18\src\traditional\proc\p18F4620.asm
                   INTCON   0x000ff2       data     extern C:\MCC18\src\traditional\proc\p18F4620.asm
                  INTCON2   0x000ff1       data     extern C:\MCC18\src\traditional\proc\p18F4620.asm
              INTCON2bits   0x000ff1       data     extern C:\MCC18\src\traditional\proc\p18F4620.asm
                  INTCON3   0x000ff0       data     extern C:\MCC18\src\traditional\proc\p18F4620.asm
              INTCON3bits   0x000ff0       data     extern C:\MCC18\src\traditional\proc\p18F4620.asm
               INTCONbits   0x000ff2       data     extern C:\MCC18\src\traditional\proc\p18F4620.asm
                     IPR1   0x000f9f       data     extern C:\MCC18\src\traditional\proc\p18F4620.asm
                 IPR1bits   0x000f9f       data     extern C:\MCC18\src\traditional\proc\p18F4620.asm
                     IPR2   0x000fa2       data     extern C:\MCC18\src\traditional\proc\p18F4620.asm
                 IPR2bits   0x000fa2       data     extern C:\MCC18\src\traditional\proc\p18F4620.asm
                     LATA   0x000f89       data     extern C:\MCC18\src\traditional\proc\p18F4620.asm
                 LATAbits   0x000f89       data     extern C:\MCC18\src\traditional\proc\p18F4620.asm
                     LATB   0x000f8a       data     extern C:\MCC18\src\traditional\proc\p18F4620.asm
                 LATBbits   0x000f8a       data     extern C:\MCC18\src\traditional\proc\p18F4620.asm
                     LATC   0x000f8b       data     extern C:\MCC18\src\traditional\proc\p18F4620.asm
                 LATCbits   0x000f8b       data     extern C:\MCC18\src\traditional\proc\p18F4620.asm
                     LATD   0x000f8c       data     extern C:\MCC18\src\traditional\proc\p18F4620.asm
                 LATDbits   0x000f8c       data     extern C:\MCC18\src\traditional\proc\p18F4620.asm
                     LATE   0x000f8d       data     extern C:\MCC18\src\traditional\proc\p18F4620.asm
                 LATEbits   0x000f8d       data     extern C:\MCC18\src\traditional\proc\p18F4620.asm
                   LVDCON   0x000fd2       data     extern C:\MCC18\src\traditional\proc\p18F4620.asm
               LVDCONbits   0x000fd2       data     extern C:\MCC18\src\traditional\proc\p18F4620.asm
                   OSCCON   0x000fd3       data     extern C:\MCC18\src\traditional\proc\p18F4620.asm
               OSCCONbits   0x000fd3       data     extern C:\MCC18\src\traditional\proc\p18F4620.asm
                  OSCTUNE   0x000f9b       data     extern C:\MCC18\src\traditional\proc\p18F4620.asm
              OSCTUNEbits   0x000f9b       data     extern C:\MCC18\src\traditional\proc\p18F4620.asm
                       PC   0x000ff9       data     extern C:\MCC18\src\traditional\proc\p18F4620.asm
                      PCL   0x000ff9       data     extern C:\MCC18\src\traditional\proc\p18F4620.asm
                   PCLATH   0x000ffa       data     extern C:\MCC18\src\traditional\proc\p18F4620.asm
                   PCLATU   0x000ffb       data     extern C:\MCC18\src\traditional\proc\p18F4620.asm
                     PIE1   0x000f9d       data     extern C:\MCC18\src\traditional\proc\p18F4620.asm
                 PIE1bits   0x000f9d       data     extern C:\MCC18\src\traditional\proc\p18F4620.asm
                     PIE2   0x000fa0       data     extern C:\MCC18\src\traditional\proc\p18F4620.asm
                 PIE2bits   0x000fa0       data     extern C:\MCC18\src\traditional\proc\p18F4620.asm
                     PIR1   0x000f9e       data     extern C:\MCC18\src\traditional\proc\p18F4620.asm
                 PIR1bits   0x000f9e       data     extern C:\MCC18\src\traditional\proc\p18F4620.asm
                     PIR2   0x000fa1       data     extern C:\MCC18\src\traditional\proc\p18F4620.asm
                 PIR2bits   0x000fa1       data     extern C:\MCC18\src\traditional\proc\p18F4620.asm
                   PLUSW0   0x000feb       data     extern C:\MCC18\src\traditional\proc\p18F4620.asm
                   PLUSW1   0x000fe3       data     extern C:\MCC18\src\traditional\proc\p18F4620.asm
                   PLUSW2   0x000fdb       data     extern C:\MCC18\src\traditional\proc\p18F4620.asm
                    PORTA   0x000f80       data     extern C:\MCC18\src\traditional\proc\p18F4620.asm
                PORTAbits   0x000f80       data     extern C:\MCC18\src\traditional\proc\p18F4620.asm
                    PORTB   0x000f81       data     extern C:\MCC18\src\traditional\proc\p18F4620.asm
                PORTBbits   0x000f81       data     extern C:\MCC18\src\traditional\proc\p18F4620.asm
                    PORTC   0x000f82       data     extern C:\MCC18\src\traditional\proc\p18F4620.asm
                PORTCbits   0x000f82       data     extern C:\MCC18\src\traditional\proc\p18F4620.asm
                    PORTD   0x000f83       data     extern C:\MCC18\src\traditional\proc\p18F4620.asm
                PORTDbits   0x000f83       data     extern C:\MCC18\src\traditional\proc\p18F4620.asm
                    PORTE   0x000f84       data     extern C:\MCC18\src\traditional\proc\p18F4620.asm
                PORTEbits   0x000f84       data     extern C:\MCC18\src\traditional\proc\p18F4620.asm
                 POSTDEC0   0x000fed       data     extern C:\MCC18\src\traditional\proc\p18F4620.asm
                 POSTDEC1   0x000fe5       data     extern C:\MCC18\src\traditional\proc\p18F4620.asm
                 POSTDEC2   0x000fdd       data     extern C:\MCC18\src\traditional\proc\p18F4620.asm
                 POSTINC0   0x000fee       data     extern C:\MCC18\src\traditional\proc\p18F4620.asm
                 POSTINC1   0x000fe6       data     extern C:\MCC18\src\traditional\proc\p18F4620.asm
                 POSTINC2   0x000fde       data     extern C:\MCC18\src\traditional\proc\p18F4620.asm
                      PR2   0x000fcb       data     extern C:\MCC18\src\traditional\proc\p18F4620.asm
                  PREINC0   0x000fec       data     extern C:\MCC18\src\traditional\proc\p18F4620.asm
                  PREINC1   0x000fe4       data     extern C:\MCC18\src\traditional\proc\p18F4620.asm
                  PREINC2   0x000fdc       data     extern C:\MCC18\src\traditional\proc\p18F4620.asm
                     PROD   0x000ff3       data     extern C:\MCC18\src\traditional\proc\p18F4620.asm
                    PRODH   0x000ff4       data     extern C:\MCC18\src\traditional\proc\p18F4620.asm
                    PRODL   0x000ff3       data     extern C:\MCC18\src\traditional\proc\p18F4620.asm
                  PWM1CON   0x000fb7       data     extern C:\MCC18\src\traditional\proc\p18F4620.asm
              PWM1CONbits   0x000fb7       data     extern C:\MCC18\src\traditional\proc\p18F4620.asm
                     RCON   0x000fd0       data     extern C:\MCC18\src\traditional\proc\p18F4620.asm
                 RCONbits   0x000fd0       data     extern C:\MCC18\src\traditional\proc\p18F4620.asm
                    RCREG   0x000fae       data     extern C:\MCC18\src\traditional\proc\p18F4620.asm
                    RCSTA   0x000fab       data     extern C:\MCC18\src\traditional\proc\p18F4620.asm
                RCSTAbits   0x000fab       data     extern C:\MCC18\src\traditional\proc\p18F4620.asm
                     SIGN   0x00000e       data     extern C:\MCC18\src\traditional\math\cmath18.asm
                    SPBRG   0x000faf       data     extern C:\MCC18\src\traditional\proc\p18F4620.asm
                   SPBRGH   0x000fb0       data     extern C:\MCC18\src\traditional\proc\p18F4620.asm
                   SSPADD   0x000fc8       data     extern C:\MCC18\src\traditional\proc\p18F4620.asm
                   SSPBUF   0x000fc9       data     extern C:\MCC18\src\traditional\proc\p18F4620.asm
                  SSPCON1   0x000fc6       data     extern C:\MCC18\src\traditional\proc\p18F4620.asm
              SSPCON1bits   0x000fc6       data     extern C:\MCC18\src\traditional\proc\p18F4620.asm
                  SSPCON2   0x000fc5       data     extern C:\MCC18\src\traditional\proc\p18F4620.asm
              SSPCON2bits   0x000fc5       data     extern C:\MCC18\src\traditional\proc\p18F4620.asm
                  SSPSTAT   0x000fc7       data     extern C:\MCC18\src\traditional\proc\p18F4620.asm
              SSPSTATbits   0x000fc7       data     extern C:\MCC18\src\traditional\proc\p18F4620.asm
                STATE_APP   0x0000df       data     static Z:\RIGEL\FIRMWARE\RIGEL7\rigel7.c
               STATE_TERM   0x0001cd       data     static Z:\Rigel\Firmware\Rigel7\rs232.c
                   STATUS   0x000fd8       data     extern C:\MCC18\src\traditional\proc\p18F4620.asm
               STATUSbits   0x000fd8       data     extern C:\MCC18\src\traditional\proc\p18F4620.asm
                   STKPTR   0x000ffc       data     extern C:\MCC18\src\traditional\proc\p18F4620.asm
               STKPTRbits   0x000ffc       data     extern C:\MCC18\src\traditional\proc\p18F4620.asm
                    T0CON   0x000fd5       data     extern C:\MCC18\src\traditional\proc\p18F4620.asm
                T0CONbits   0x000fd5       data     extern C:\MCC18\src\traditional\proc\p18F4620.asm
                    T1CON   0x000fcd       data     extern C:\MCC18\src\traditional\proc\p18F4620.asm
                T1CONbits   0x000fcd       data     extern C:\MCC18\src\traditional\proc\p18F4620.asm
                    T2CON   0x000fca       data     extern C:\MCC18\src\traditional\proc\p18F4620.asm
                T2CONbits   0x000fca       data     extern C:\MCC18\src\traditional\proc\p18F4620.asm
                    T3CON   0x000fb1       data     extern C:\MCC18\src\traditional\proc\p18F4620.asm
                T3CONbits   0x000fb1       data     extern C:\MCC18\src\traditional\proc\p18F4620.asm
                   TABLAT   0x000ff5       data     extern C:\MCC18\src\traditional\proc\p18F4620.asm
                   TBLPTR   0x000ff6       data     extern C:\MCC18\src\traditional\proc\p18F4620.asm
                  TBLPTRH   0x000ff7       data     extern C:\MCC18\src\traditional\proc\p18F4620.asm
                  TBLPTRL   0x000ff6       data     extern C:\MCC18\src\traditional\proc\p18F4620.asm
                  TBLPTRU   0x000ff8       data     extern C:\MCC18\src\traditional\proc\p18F4620.asm
                    TMR0H   0x000fd7       data     extern C:\MCC18\src\traditional\proc\p18F4620.asm
                    TMR0L   0x000fd6       data     extern C:\MCC18\src\traditional\proc\p18F4620.asm
                    TMR1H   0x000fcf       data     extern C:\MCC18\src\traditional\proc\p18F4620.asm
                    TMR1L   0x000fce       data     extern C:\MCC18\src\traditional\proc\p18F4620.asm
                     TMR2   0x000fcc       data     extern C:\MCC18\src\traditional\proc\p18F4620.asm
                    TMR3H   0x000fb3       data     extern C:\MCC18\src\traditional\proc\p18F4620.asm
                    TMR3L   0x000fb2       data     extern C:\MCC18\src\traditional\proc\p18F4620.asm
                      TOS   0x000ffd       data     extern C:\MCC18\src\traditional\proc\p18F4620.asm
                     TOSH   0x000ffe       data     extern C:\MCC18\src\traditional\proc\p18F4620.asm
                     TOSL   0x000ffd       data     extern C:\MCC18\src\traditional\proc\p18F4620.asm
                     TOSU   0x000fff       data     extern C:\MCC18\src\traditional\proc\p18F4620.asm
                    TRISA   0x000f92       data     extern C:\MCC18\src\traditional\proc\p18F4620.asm
                TRISAbits   0x000f92       data     extern C:\MCC18\src\traditional\proc\p18F4620.asm
                    TRISB   0x000f93       data     extern C:\MCC18\src\traditional\proc\p18F4620.asm
                TRISBbits   0x000f93       data     extern C:\MCC18\src\traditional\proc\p18F4620.asm
                    TRISC   0x000f94       data     extern C:\MCC18\src\traditional\proc\p18F4620.asm
                TRISCbits   0x000f94       data     extern C:\MCC18\src\traditional\proc\p18F4620.asm
                    TRISD   0x000f95       data     extern C:\MCC18\src\traditional\proc\p18F4620.asm
                TRISDbits   0x000f95       data     extern C:\MCC18\src\traditional\proc\p18F4620.asm
                    TRISE   0x000f96       data     extern C:\MCC18\src\traditional\proc\p18F4620.asm
                TRISEbits   0x000f96       data     extern C:\MCC18\src\traditional\proc\p18F4620.asm
                    TXREG   0x000fad       data     extern C:\MCC18\src\traditional\proc\p18F4620.asm
                    TXSTA   0x000fac       data     extern C:\MCC18\src\traditional\proc\p18F4620.asm
                TXSTAbits   0x000fac       data     extern C:\MCC18\src\traditional\proc\p18F4620.asm
                TermState   0x0001cc       data     static Z:\Rigel\Firmware\Rigel7\rs232.c
             USART_Status   0x0000fd       data     extern C:\MCC18\src\pmc_common\USART\udefs.c
                        W   0x000fe8       data     extern C:\MCC18\src\traditional\proc\p18F4620.asm
                   WDTCON   0x000fd1       data     extern C:\MCC18\src\traditional\proc\p18F4620.asm
               WDTCONbits   0x000fd1       data     extern C:\MCC18\src\traditional\proc\p18F4620.asm
                     WREG   0x000fe8       data     extern C:\MCC18\src\traditional\proc\p18F4620.asm
                 __AARGB0   0x000007       data     extern C:\MCC18\src\traditional\math\aarg.asm
                 __AARGB1   0x000006       data     extern C:\MCC18\src\traditional\math\aarg.asm
                 __AARGB2   0x000005       data     extern C:\MCC18\src\traditional\math\aarg.asm
                 __AARGB3   0x000004       data     extern C:\MCC18\src\traditional\math\aarg.asm
                 __AARGB4   0x000003       data     extern C:\MCC18\src\traditional\math\aarg.asm
                 __AARGB5   0x000002       data     extern C:\MCC18\src\traditional\math\aarg.asm
                 __AARGB6   0x000001       data     extern C:\MCC18\src\traditional\math\aarg.asm
                 __AARGB7   0x000000       data     extern C:\MCC18\src\traditional\math\aarg.asm
                   __AEXP   0x000008       data     extern C:\MCC18\src\traditional\math\aarg.asm
                 __BARGB0   0x00000c       data     extern C:\MCC18\src\traditional\math\barg.asm
                 __BARGB1   0x00000b       data     extern C:\MCC18\src\traditional\math\barg.asm
                 __BARGB2   0x00000a       data     extern C:\MCC18\src\traditional\math\barg.asm
                 __BARGB3   0x000009       data     extern C:\MCC18\src\traditional\math\barg.asm
                   __BEXP   0x00000d       data     extern C:\MCC18\src\traditional\math\barg.asm
                __FPFLAGS   0x00000f       data     extern C:\MCC18\src\traditional\math\cmath18.asm
            __FPFLAGSbits   0x00000f       data     extern C:\MCC18\src\traditional\math\cmath18.asm
                  __REMB0   0x000003       data     extern C:\MCC18\src\traditional\math\aarg.asm
                  __REMB1   0x000002       data     extern C:\MCC18\src\traditional\math\aarg.asm
                  __REMB2   0x000001       data     extern C:\MCC18\src\traditional\math\aarg.asm
                  __REMB3   0x000000       data     extern C:\MCC18\src\traditional\math\aarg.asm
                   __TEMP   0x000013       data     extern C:\MCC18\src\traditional\math\temparg.asm
                 __TEMPB0   0x000013       data     extern C:\MCC18\src\traditional\math\temparg.asm
                 __TEMPB1   0x000012       data     extern C:\MCC18\src\traditional\math\temparg.asm
                 __TEMPB2   0x000011       data     extern C:\MCC18\src\traditional\math\temparg.asm
                 __TEMPB3   0x000010       data     extern C:\MCC18\src\traditional\math\temparg.asm
                  __tmp_0   0x000014       data     static C:\MCC18\src\pmc_common\USART\uopen.c
                  __tmp_0   0x000014       data     static C:\MCC18\src\traditional\stdclib\printf.c
                  __tmp_0   0x000014       data     static C:\MCC18\src\traditional\stdclib\sprintf.c
                  __tmp_0   0x000014       data     static C:\MCC18\src\traditional\stdclib\vfprintf.c
                  __tmp_0   0x000014       data     static C:\MCC18\src\traditional\stdclib\putc.c
                  __tmp_0   0x000014       data     static Z:\Rigel\Firmware\Rigel7\SPIManager.c
                  __tmp_0   0x000014       data     static Z:\Rigel\Firmware\Rigel7\rs232.c
                  __tmp_0   0x000014       data     static Z:\Rigel\Firmware\Rigel7\OutManager.c
                  __tmp_0   0x000014       data     static Z:\RIGEL\FIRMWARE\RIGEL7\rigel7.c
                     bhex   0x000f48       data     static Z:\Rigel\Firmware\Rigel7\rs232.h
                     bhex   0x0001cf       data     static Z:\Rigel\Firmware\Rigel7\rs232.h
                     bhex   0x000080       data     static Z:\Rigel\Firmware\Rigel7\rs232.h
                     bhex   0x0001e1       data     static Z:\RIGEL\FIRMWARE\RIGEL7\rs232.h
                     burn   0x000f47       data     extern Z:\Rigel\Firmware\Rigel7\SPIManager.c
                      cmd   0x000188       data     extern Z:\Rigel\Firmware\Rigel7\rs232.c
                  cmd_pos   0x000090       data     extern Z:\Rigel\Firmware\Rigel7\rs232.c
              cmd_timeout   0x000102       data     static Z:\Rigel\Firmware\Rigel7\rs232.c
                curr_byte   0x0001f5       data     static C:\MCC18\src\traditional\startup\c018i.c
               curr_entry   0x0001f7       data     static C:\MCC18\src\traditional\startup\c018i.c
                 data_ptr   0x0001f9       data     static C:\MCC18\src\traditional\startup\c018i.c
              debug_level   0x0001cb       data     extern Z:\Rigel\Firmware\Rigel7\rs232.c
          dwInternalTicks   0x0001fc       data     static Z:\Rigel\Firmware\Rigel7\Tick.c
               enablescan   0x0002c3       data     extern Z:\Rigel\Firmware\Rigel7\OutManager.c
            envie_retorno   0x000092       data     extern Z:\Rigel\Firmware\Rigel7\rs232.c
               err_bufovr   0x000093       data     extern Z:\Rigel\Firmware\Rigel7\rs232.c
                  err_stx   0x0000bd       data     extern Z:\Rigel\Firmware\Rigel7\rs232.c
              inputbuffer   0x000106       data     extern Z:\Rigel\Firmware\Rigel7\rs232.c
          inputbuffer_ptr   0x000126       data     extern Z:\Rigel\Firmware\Rigel7\rs232.c
          inputreader_ptr   0x000127       data     extern Z:\Rigel\Firmware\Rigel7\rs232.c
               last_token   0x0001ce       data     extern Z:\Rigel\Firmware\Rigel7\rs232.c
                lptActive   0x0001f1       data     extern Z:\RIGEL\FIRMWARE\RIGEL7\rigel7.c
               lpt_beacon   0x0000f7       data     static Z:\RIGEL\FIRMWARE\RIGEL7\rigel7.c
                lpt_flush   0x0000f3       data     static Z:\RIGEL\FIRMWARE\RIGEL7\rigel7.c
                  lpt_pos   0x0000e0       data     extern Z:\RIGEL\FIRMWARE\RIGEL7\rigel7.c
                   lptbuf   0x0000e2       data     extern Z:\RIGEL\FIRMWARE\RIGEL7\rigel7.c
                     lptc   0x0000f2       data     extern Z:\RIGEL\FIRMWARE\RIGEL7\rigel7.c
                     mark   0x0002c1       data     extern Z:\Rigel\Firmware\Rigel7\OutManager.c
             modo_binario   0x000100       data     extern Z:\Rigel\Firmware\Rigel7\rs232.c
                    outbf   0x000200       data     extern Z:\Rigel\Firmware\Rigel7\OutManager.c
                outbf_ptr   0x0002c0       data     extern Z:\Rigel\Firmware\Rigel7\OutManager.c
                    param   0x000128       data     extern Z:\Rigel\Firmware\Rigel7\rs232.c
                     prom   0x0001f2       data     static C:\MCC18\src\traditional\startup\c018i.c
                   scanbf   0x000300       data     static Z:\Rigel\Firmware\Rigel7\SPIManager.c
              scanbf_init   0x0001df       data     extern Z:\Rigel\Firmware\Rigel7\SPIManager.c
            spi_hastxdata   0x000f45       data     extern Z:\Rigel\Firmware\Rigel7\SPIManager.c
              spi_rbf_ptr   0x000f44       data     extern Z:\Rigel\Firmware\Rigel7\SPIManager.c
             spi_rx_token   0x000f46       data     extern Z:\Rigel\Firmware\Rigel7\SPIManager.c
                  spi_sbf   0x000f03       data     extern Z:\Rigel\Firmware\Rigel7\SPIManager.c
              spi_sbf_ptr   0x000f43       data     extern Z:\Rigel\Firmware\Rigel7\SPIManager.c
             spim_timeout   0x000f00       data     static Z:\Rigel\Firmware\Rigel7\SPIManager.c
                   stdout   0x0000fb       data     extern C:\MCC18\src\traditional\stdclib\stdout.c
                 token_in   0x000101       data     extern Z:\Rigel\Firmware\Rigel7\rs232.c
             vTickReading   0x000f58       data     static Z:\Rigel\Firmware\Rigel7\Tick.c



                              Symbols - Sorted by Address
                     Name    Address   Location    Storage File                     
                ---------  ---------  ---------  --------- ---------                
                   _entry   0x000000    program     extern C:\MCC18\src\traditional\startup\c018i.c
       ___return_lbl00000   0x000004    program     static                          
               _user_putc   0x000006    program     extern C:\MCC18\src\traditional\stdclib\_user_putc.c
                   hp_int   0x000008    program     extern Z:\RIGEL\FIRMWARE\RIGEL7\rigel7.c
       ___return_lbl00000   0x00000c    program     static                          
                   __init   0x00000e    program     extern C:\MCC18\src\traditional\stdclib\__init.c
                   lp_int   0x000018    program     extern Z:\RIGEL\FIRMWARE\RIGEL7\rigel7.c
       ___return_lbl00001   0x00001c    program     static                          
                 getParam   0x000068    program     extern Z:\Rigel\Firmware\Rigel7\rs232.c
            getDebugLevel   0x00009e    program     extern Z:\Rigel\Firmware\Rigel7\rs232.c
                   hasCmd   0x0000a6    program     extern Z:\Rigel\Firmware\Rigel7\rs232.c
               splash_msg   0x0000b6    program     extern Z:\Rigel\Firmware\Rigel7\rs232.c
                  repchar   0x000194    program     extern Z:\Rigel\Firmware\Rigel7\rs232.c
              show_prompt   0x0001ba    program     extern Z:\Rigel\Firmware\Rigel7\rs232.c
                draw_rule   0x000240    program     extern Z:\Rigel\Firmware\Rigel7\rs232.c
               envie_erro   0x000262    program     extern Z:\Rigel\Firmware\Rigel7\rs232.c
                 sendEcho   0x000420    program     extern Z:\Rigel\Firmware\Rigel7\rs232.c
                initRS232   0x000440    program     extern Z:\Rigel\Firmware\Rigel7\rs232.c
                 isBinary   0x000472    program     extern Z:\Rigel\Firmware\Rigel7\rs232.c
               inputUSART   0x00047a    program     extern Z:\Rigel\Firmware\Rigel7\rs232.c
                  receive   0x0004a0    program     extern Z:\Rigel\Firmware\Rigel7\rs232.c
                  cmdGate   0x00056c    program     extern Z:\Rigel\Firmware\Rigel7\rs232.c
                    lexer   0x000750    program     extern Z:\Rigel\Firmware\Rigel7\rs232.c
                 dispatch   0x000a56    program     extern Z:\Rigel\Firmware\Rigel7\rs232.c
            s_put_n_chars   0x000e48    program     static C:\MCC18\src\traditional\stdclib\vfprintf.c
                 vfprintf   0x000e74    program     extern C:\MCC18\src\traditional\stdclib\vfprintf.c
              __tmplbl_85   0x000e9e    program     static                          
              __tmplbl_44   0x00174c    program     static                          
              __tmplbl_43   0x001766    program     static                          
                   __pa_0   0x001788    program     static C:\MCC18\src\traditional\stdclib\vfprintf.c
                   __pa_1   0x001790    program     static C:\MCC18\src\traditional\stdclib\vfprintf.c
                   __pa_2   0x00179a    program     static C:\MCC18\src\traditional\stdclib\vfprintf.c
                   __pa_3   0x0017a4    program     static C:\MCC18\src\traditional\stdclib\vfprintf.c
                   __pa_4   0x0017bc    program     static C:\MCC18\src\traditional\stdclib\vfprintf.c
                   __pa_5   0x0017d0    program     static C:\MCC18\src\traditional\stdclib\vfprintf.c
                   __pa_6   0x0017ec    program     static C:\MCC18\src\traditional\stdclib\vfprintf.c
                   __pa_7   0x0017f6    program     static C:\MCC18\src\traditional\stdclib\vfprintf.c
                   __pa_8   0x001802    program     static C:\MCC18\src\traditional\stdclib\vfprintf.c
                   __pa_9   0x001824    program     static C:\MCC18\src\traditional\stdclib\vfprintf.c
                  __pa_10   0x001844    program     static C:\MCC18\src\traditional\stdclib\vfprintf.c
                  __pa_11   0x001852    program     static C:\MCC18\src\traditional\stdclib\vfprintf.c
                  __pa_12   0x001868    program     static C:\MCC18\src\traditional\stdclib\vfprintf.c
                  __pa_13   0x001882    program     static C:\MCC18\src\traditional\stdclib\vfprintf.c
                  __pa_14   0x00189a    program     static C:\MCC18\src\traditional\stdclib\vfprintf.c
                  __pa_15   0x0018aa    program     static C:\MCC18\src\traditional\stdclib\vfprintf.c
                  __pa_16   0x0018c0    program     static C:\MCC18\src\traditional\stdclib\vfprintf.c
                  __pa_17   0x0018d2    program     static C:\MCC18\src\traditional\stdclib\vfprintf.c
                  __pa_18   0x0018e4    program     static C:\MCC18\src\traditional\stdclib\vfprintf.c
                  __pa_19   0x0018ee    program     static C:\MCC18\src\traditional\stdclib\vfprintf.c
                  __pa_20   0x0018fe    program     static C:\MCC18\src\traditional\stdclib\vfprintf.c
                  __pa_21   0x00190e    program     static C:\MCC18\src\traditional\stdclib\vfprintf.c
                  __pa_22   0x00191e    program     static C:\MCC18\src\traditional\stdclib\vfprintf.c
              __tmplbl_42   0x00191e    program     static                          
                  __pa_23   0x00192a    program     static C:\MCC18\src\traditional\stdclib\vfprintf.c
                  __pa_24   0x001938    program     static C:\MCC18\src\traditional\stdclib\vfprintf.c
                  __pa_25   0x001940    program     static C:\MCC18\src\traditional\stdclib\vfprintf.c
                  __pa_26   0x00194a    program     static C:\MCC18\src\traditional\stdclib\vfprintf.c
                  __pa_27   0x001954    program     static C:\MCC18\src\traditional\stdclib\vfprintf.c
                  __pa_28   0x00195c    program     static C:\MCC18\src\traditional\stdclib\vfprintf.c
                  __pa_29   0x00196a    program     static C:\MCC18\src\traditional\stdclib\vfprintf.c
                  __pa_30   0x001986    program     static C:\MCC18\src\traditional\stdclib\vfprintf.c
                  __pa_31   0x0019a0    program     static C:\MCC18\src\traditional\stdclib\vfprintf.c
                  __pa_32   0x0019ba    program     static C:\MCC18\src\traditional\stdclib\vfprintf.c
                  __pa_33   0x0019d2    program     static C:\MCC18\src\traditional\stdclib\vfprintf.c
                  __pa_34   0x0019dc    program     static C:\MCC18\src\traditional\stdclib\vfprintf.c
                  __pa_35   0x0019ea    program     static C:\MCC18\src\traditional\stdclib\vfprintf.c
                  __pa_36   0x0019f2    program     static C:\MCC18\src\traditional\stdclib\vfprintf.c
                  __pa_37   0x0019fc    program     static C:\MCC18\src\traditional\stdclib\vfprintf.c
                  __pa_38   0x001a0c    program     static C:\MCC18\src\traditional\stdclib\vfprintf.c
                  __pa_39   0x001a1a    program     static C:\MCC18\src\traditional\stdclib\vfprintf.c
                  __pa_40   0x001a26    program     static C:\MCC18\src\traditional\stdclib\vfprintf.c
                  __pa_41   0x001a32    program     static C:\MCC18\src\traditional\stdclib\vfprintf.c
                  __pa_42   0x001a3a    program     static C:\MCC18\src\traditional\stdclib\vfprintf.c
                  __pa_43   0x001a44    program     static C:\MCC18\src\traditional\stdclib\vfprintf.c
                  __pa_44   0x001a4a    program     static C:\MCC18\src\traditional\stdclib\vfprintf.c
                  __pa_45   0x001a54    program     static C:\MCC18\src\traditional\stdclib\vfprintf.c
                  __pa_46   0x001a60    program     static C:\MCC18\src\traditional\stdclib\vfprintf.c
                  initSPI   0x001a6a    program     extern Z:\Rigel\Firmware\Rigel7\SPIManager.c
               setTimeout   0x001a92    program     extern Z:\Rigel\Firmware\Rigel7\SPIManager.c
                isTimeout   0x001aa2    program     extern Z:\Rigel\Firmware\Rigel7\SPIManager.c
                hasTXData   0x001b14    program     extern Z:\Rigel\Firmware\Rigel7\SPIManager.c
                setTXData   0x001b1c    program     extern Z:\Rigel\Firmware\Rigel7\SPIManager.c
               pushTXData   0x001b32    program     extern Z:\Rigel\Firmware\Rigel7\SPIManager.c
                popTXData   0x001b5e    program     extern Z:\Rigel\Firmware\Rigel7\SPIManager.c
                  sendSPI   0x001b96    program     extern Z:\Rigel\Firmware\Rigel7\SPIManager.c
                  putSPIM   0x001ba8    program     extern Z:\Rigel\Firmware\Rigel7\SPIManager.c
                 putsSPIM   0x001c42    program     extern Z:\Rigel\Firmware\Rigel7\SPIManager.c
             getScanValue   0x001c84    program     extern Z:\Rigel\Firmware\Rigel7\SPIManager.c
                 loadScan   0x001cba    program     extern Z:\Rigel\Firmware\Rigel7\SPIManager.c
                loadBatch   0x001dd6    program     extern Z:\Rigel\Firmware\Rigel7\SPIManager.c
           enableScanLoad   0x001ece    program     extern Z:\Rigel\Firmware\Rigel7\SPIManager.c
             isScanLoaded   0x001ed4    program     extern Z:\Rigel\Firmware\Rigel7\SPIManager.c
               hp_handler   0x001ee6    program     extern Z:\RIGEL\FIRMWARE\RIGEL7\rigel7.c
               lp_handler   0x001fe4    program     extern Z:\RIGEL\FIRMWARE\RIGEL7\rigel7.c
                sendJurid   0x002084    program     extern Z:\RIGEL\FIRMWARE\RIGEL7\rigel7.c
                toggleLPT   0x0020e2    program     extern Z:\RIGEL\FIRMWARE\RIGEL7\rigel7.c
             processState   0x002102    program     extern Z:\RIGEL\FIRMWARE\RIGEL7\rigel7.c
                    doLPT   0x0021b4    program     extern Z:\RIGEL\FIRMWARE\RIGEL7\rigel7.c
              doLPTBeacon   0x00220e    program     extern Z:\RIGEL\FIRMWARE\RIGEL7\rigel7.c
                     main   0x002266    program     extern Z:\RIGEL\FIRMWARE\RIGEL7\rigel7.c
                 FLO3232U   0x0022e0    program     extern C:\MCC18\src\traditional\math\cast32FP.asm
                 FLO3232S   0x0022e4    program     extern C:\MCC18\src\traditional\math\cast32FP.asm
                jI2F32Beg   0x0022fc    program     static C:\MCC18\src\traditional\math\cast32FP.asm
                    FPS32   0x002316    program     extern C:\MCC18\src\traditional\math\addFP.asm
                    FPA32   0x002318    program     extern C:\MCC18\src\traditional\math\addFP.asm
                jBANotInf   0x002336    program     static C:\MCC18\src\traditional\math\addFP.asm
                 jANotInf   0x002340    program     static C:\MCC18\src\traditional\math\addFP.asm
                 jBNotInf   0x00234e    program     static C:\MCC18\src\traditional\math\addFP.asm
            jDifOrPosSign   0x002362    program     static C:\MCC18\src\traditional\math\addFP.asm
             jNotBothZero   0x002366    program     static C:\MCC18\src\traditional\math\addFP.asm
                 jAltBexp   0x002392    program     static C:\MCC18\src\traditional\math\addFP.asm
              jAandWsetup   0x0023a4    program     static C:\MCC18\src\traditional\math\addFP.asm
                 jANotNeg   0x0023d4    program     static C:\MCC18\src\traditional\math\addFP.asm
                 jWNotNeg   0x0023e8    program     static C:\MCC18\src\traditional\math\addFP.asm
               jShiftLoop   0x0023ee    program     static C:\MCC18\src\traditional\math\addFP.asm
               jShiftDone   0x0023fc    program     static C:\MCC18\src\traditional\math\addFP.asm
                jSignDone   0x00242c    program     static C:\MCC18\src\traditional\math\addFP.asm
               jFinalSign   0x00243c    program     static C:\MCC18\src\traditional\math\addFP.asm
                  INT3232   0x002444    program     extern C:\MCC18\src\traditional\math\castFP32.asm
                     jMax   0x002454    program     static C:\MCC18\src\traditional\math\castFP32.asm
                  jMaxPos   0x002458    program     static C:\MCC18\src\traditional\math\castFP32.asm
                   jWr123   0x00245e    program     static C:\MCC18\src\traditional\math\castFP32.asm
                  jMaxNeg   0x002466    program     static C:\MCC18\src\traditional\math\castFP32.asm
                    jZero   0x00246c    program     static C:\MCC18\src\traditional\math\castFP32.asm
                  jWrZ123   0x00246e    program     static C:\MCC18\src\traditional\math\castFP32.asm
                  jNotInf   0x002472    program     static C:\MCC18\src\traditional\math\castFP32.asm
                    jLoop   0x002484    program     static C:\MCC18\src\traditional\math\castFP32.asm
                jLoopExit   0x002498    program     static C:\MCC18\src\traditional\math\castFP32.asm
                    jExit   0x0024b0    program     static C:\MCC18\src\traditional\math\castFP32.asm
            __FpReturnNaN   0x0024b2    program     extern C:\MCC18\src\traditional\math\packFP.asm
                 __FpExit   0x0024be    program     extern C:\MCC18\src\traditional\math\packFP.asm
        __FpReturnSignInf   0x0024c0    program     extern C:\MCC18\src\traditional\math\packFP.asm
         __FpReturnNegInf   0x0024c4    program     extern C:\MCC18\src\traditional\math\packFP.asm
         __FpReturnPosInf   0x0024ca    program     extern C:\MCC18\src\traditional\math\packFP.asm
[...]
                   scanbf   0x000300       data     static Z:\Rigel\Firmware\Rigel7\SPIManager.c
             spim_timeout   0x000f00       data     static Z:\Rigel\Firmware\Rigel7\SPIManager.c
                  spi_sbf   0x000f03       data     extern Z:\Rigel\Firmware\Rigel7\SPIManager.c
              spi_sbf_ptr   0x000f43       data     extern Z:\Rigel\Firmware\Rigel7\SPIManager.c
              spi_rbf_ptr   0x000f44       data     extern Z:\Rigel\Firmware\Rigel7\SPIManager.c
            spi_hastxdata   0x000f45       data     extern Z:\Rigel\Firmware\Rigel7\SPIManager.c
             spi_rx_token   0x000f46       data     extern Z:\Rigel\Firmware\Rigel7\SPIManager.c
                     burn   0x000f47       data     extern Z:\Rigel\Firmware\Rigel7\SPIManager.c
                     bhex   0x000f48       data     static Z:\Rigel\Firmware\Rigel7\rs232.h
             vTickReading   0x000f58       data     static Z:\Rigel\Firmware\Rigel7\Tick.c
                PORTAbits   0x000f80       data     extern C:\MCC18\src\traditional\proc\p18F4620.asm
                    PORTA   0x000f80       data     extern C:\MCC18\src\traditional\proc\p18F4620.asm
                PORTBbits   0x000f81       data     extern C:\MCC18\src\traditional\proc\p18F4620.asm
                    PORTB   0x000f81       data     extern C:\MCC18\src\traditional\proc\p18F4620.asm
                PORTCbits   0x000f82       data     extern C:\MCC18\src\traditional\proc\p18F4620.asm
                    PORTC   0x000f82       data     extern C:\MCC18\src\traditional\proc\p18F4620.asm
                    PORTD   0x000f83       data     extern C:\MCC18\src\traditional\proc\p18F4620.asm
                PORTDbits   0x000f83       data     extern C:\MCC18\src\traditional\proc\p18F4620.asm
                    PORTE   0x000f84       data     extern C:\MCC18\src\traditional\proc\p18F4620.asm
                PORTEbits   0x000f84       data     extern C:\MCC18\src\traditional\proc\p18F4620.asm
                 LATAbits   0x000f89       data     extern C:\MCC18\src\traditional\proc\p18F4620.asm
                     LATA   0x000f89       data     extern C:\MCC18\src\traditional\proc\p18F4620.asm
                 LATBbits   0x000f8a       data     extern C:\MCC18\src\traditional\proc\p18F4620.asm
                     LATB   0x000f8a       data     extern C:\MCC18\src\traditional\proc\p18F4620.asm
                     LATC   0x000f8b       data     extern C:\MCC18\src\traditional\proc\p18F4620.asm
                 LATCbits   0x000f8b       data     extern C:\MCC18\src\traditional\proc\p18F4620.asm
                     LATD   0x000f8c       data     extern C:\MCC18\src\traditional\proc\p18F4620.asm
                 LATDbits   0x000f8c       data     extern C:\MCC18\src\traditional\proc\p18F4620.asm
                     LATE   0x000f8d       data     extern C:\MCC18\src\traditional\proc\p18F4620.asm
                 LATEbits   0x000f8d       data     extern C:\MCC18\src\traditional\proc\p18F4620.asm
                 DDRAbits   0x000f92       data     extern C:\MCC18\src\traditional\proc\p18F4620.asm
                    TRISA   0x000f92       data     extern C:\MCC18\src\traditional\proc\p18F4620.asm
                TRISAbits   0x000f92       data     extern C:\MCC18\src\traditional\proc\p18F4620.asm
                     DDRA   0x000f92       data     extern C:\MCC18\src\traditional\proc\p18F4620.asm
                TRISBbits   0x000f93       data     extern C:\MCC18\src\traditional\proc\p18F4620.asm
                    TRISB   0x000f93       data     extern C:\MCC18\src\traditional\proc\p18F4620.asm
                     DDRB   0x000f93       data     extern C:\MCC18\src\traditional\proc\p18F4620.asm
                 DDRBbits   0x000f93       data     extern C:\MCC18\src\traditional\proc\p18F4620.asm
                TRISCbits   0x000f94       data     extern C:\MCC18\src\traditional\proc\p18F4620.asm
                    TRISC   0x000f94       data     extern C:\MCC18\src\traditional\proc\p18F4620.asm
                     DDRC   0x000f94       data     extern C:\MCC18\src\traditional\proc\p18F4620.asm
                 DDRCbits   0x000f94       data     extern C:\MCC18\src\traditional\proc\p18F4620.asm
                TRISDbits   0x000f95       data     extern C:\MCC18\src\traditional\proc\p18F4620.asm
                    TRISD   0x000f95       data     extern C:\MCC18\src\traditional\proc\p18F4620.asm
                     DDRD   0x000f95       data     extern C:\MCC18\src\traditional\proc\p18F4620.asm
                 DDRDbits   0x000f95       data     extern C:\MCC18\src\traditional\proc\p18F4620.asm
                 DDREbits   0x000f96       data     extern C:\MCC18\src\traditional\proc\p18F4620.asm
                     DDRE   0x000f96       data     extern C:\MCC18\src\traditional\proc\p18F4620.asm
                TRISEbits   0x000f96       data     extern C:\MCC18\src\traditional\proc\p18F4620.asm
                    TRISE   0x000f96       data     extern C:\MCC18\src\traditional\proc\p18F4620.asm
                  OSCTUNE   0x000f9b       data     extern C:\MCC18\src\traditional\proc\p18F4620.asm
              OSCTUNEbits   0x000f9b       data     extern C:\MCC18\src\traditional\proc\p18F4620.asm
                     PIE1   0x000f9d       data     extern C:\MCC18\src\traditional\proc\p18F4620.asm
                 PIE1bits   0x000f9d       data     extern C:\MCC18\src\traditional\proc\p18F4620.asm
                 PIR1bits   0x000f9e       data     extern C:\MCC18\src\traditional\proc\p18F4620.asm
                     PIR1   0x000f9e       data     extern C:\MCC18\src\traditional\proc\p18F4620.asm
                 IPR1bits   0x000f9f       data     extern C:\MCC18\src\traditional\proc\p18F4620.asm
                     IPR1   0x000f9f       data     extern C:\MCC18\src\traditional\proc\p18F4620.asm
                     PIE2   0x000fa0       data     extern C:\MCC18\src\traditional\proc\p18F4620.asm
                 PIE2bits   0x000fa0       data     extern C:\MCC18\src\traditional\proc\p18F4620.asm
                     PIR2   0x000fa1       data     extern C:\MCC18\src\traditional\proc\p18F4620.asm
                 PIR2bits   0x000fa1       data     extern C:\MCC18\src\traditional\proc\p18F4620.asm
                     IPR2   0x000fa2       data     extern C:\MCC18\src\traditional\proc\p18F4620.asm
                 IPR2bits   0x000fa2       data     extern C:\MCC18\src\traditional\proc\p18F4620.asm
               EECON1bits   0x000fa6       data     extern C:\MCC18\src\traditional\proc\p18F4620.asm
                   EECON1   0x000fa6       data     extern C:\MCC18\src\traditional\proc\p18F4620.asm
                   EECON2   0x000fa7       data     extern C:\MCC18\src\traditional\proc\p18F4620.asm
                   EEDATA   0x000fa8       data     extern C:\MCC18\src\traditional\proc\p18F4620.asm
                    EEADR   0x000fa9       data     extern C:\MCC18\src\traditional\proc\p18F4620.asm
                   EEADRH   0x000faa       data     extern C:\MCC18\src\traditional\proc\p18F4620.asm
                RCSTAbits   0x000fab       data     extern C:\MCC18\src\traditional\proc\p18F4620.asm
                    RCSTA   0x000fab       data     extern C:\MCC18\src\traditional\proc\p18F4620.asm
                    TXSTA   0x000fac       data     extern C:\MCC18\src\traditional\proc\p18F4620.asm
                TXSTAbits   0x000fac       data     extern C:\MCC18\src\traditional\proc\p18F4620.asm
                    TXREG   0x000fad       data     extern C:\MCC18\src\traditional\proc\p18F4620.asm
                    RCREG   0x000fae       data     extern C:\MCC18\src\traditional\proc\p18F4620.asm
                    SPBRG   0x000faf       data     extern C:\MCC18\src\traditional\proc\p18F4620.asm
                   SPBRGH   0x000fb0       data     extern C:\MCC18\src\traditional\proc\p18F4620.asm
                    T3CON   0x000fb1       data     extern C:\MCC18\src\traditional\proc\p18F4620.asm
                T3CONbits   0x000fb1       data     extern C:\MCC18\src\traditional\proc\p18F4620.asm
                    TMR3L   0x000fb2       data     extern C:\MCC18\src\traditional\proc\p18F4620.asm
                    TMR3H   0x000fb3       data     extern C:\MCC18\src\traditional\proc\p18F4620.asm
                    CMCON   0x000fb4       data     extern C:\MCC18\src\traditional\proc\p18F4620.asm
                CMCONbits   0x000fb4       data     extern C:\MCC18\src\traditional\proc\p18F4620.asm
               CVRCONbits   0x000fb5       data     extern C:\MCC18\src\traditional\proc\p18F4620.asm
                   CVRCON   0x000fb5       data     extern C:\MCC18\src\traditional\proc\p18F4620.asm
              ECCP1ASbits   0x000fb6       data     extern C:\MCC18\src\traditional\proc\p18F4620.asm
                  ECCP1AS   0x000fb6       data     extern C:\MCC18\src\traditional\proc\p18F4620.asm
                  PWM1CON   0x000fb7       data     extern C:\MCC18\src\traditional\proc\p18F4620.asm
              PWM1CONbits   0x000fb7       data     extern C:\MCC18\src\traditional\proc\p18F4620.asm
              BAUDCTLbits   0x000fb8       data     extern C:\MCC18\src\traditional\proc\p18F4620.asm
                  BAUDCTL   0x000fb8       data     extern C:\MCC18\src\traditional\proc\p18F4620.asm
              BAUDCONbits   0x000fb8       data     extern C:\MCC18\src\traditional\proc\p18F4620.asm
                  BAUDCON   0x000fb8       data     extern C:\MCC18\src\traditional\proc\p18F4620.asm
                  CCP2CON   0x000fba       data     extern C:\MCC18\src\traditional\proc\p18F4620.asm
              CCP2CONbits   0x000fba       data     extern C:\MCC18\src\traditional\proc\p18F4620.asm
                    CCPR2   0x000fbb       data     extern C:\MCC18\src\traditional\proc\p18F4620.asm
                   CCPR2L   0x000fbb       data     extern C:\MCC18\src\traditional\proc\p18F4620.asm
                   CCPR2H   0x000fbc       data     extern C:\MCC18\src\traditional\proc\p18F4620.asm
                  CCP1CON   0x000fbd       data     extern C:\MCC18\src\traditional\proc\p18F4620.asm
              CCP1CONbits   0x000fbd       data     extern C:\MCC18\src\traditional\proc\p18F4620.asm
                    CCPR1   0x000fbe       data     extern C:\MCC18\src\traditional\proc\p18F4620.asm
                   CCPR1L   0x000fbe       data     extern C:\MCC18\src\traditional\proc\p18F4620.asm
                   CCPR1H   0x000fbf       data     extern C:\MCC18\src\traditional\proc\p18F4620.asm
               ADCON2bits   0x000fc0       data     extern C:\MCC18\src\traditional\proc\p18F4620.asm
                   ADCON2   0x000fc0       data     extern C:\MCC18\src\traditional\proc\p18F4620.asm
                   ADCON1   0x000fc1       data     extern C:\MCC18\src\traditional\proc\p18F4620.asm
               ADCON1bits   0x000fc1       data     extern C:\MCC18\src\traditional\proc\p18F4620.asm
               ADCON0bits   0x000fc2       data     extern C:\MCC18\src\traditional\proc\p18F4620.asm
                   ADCON0   0x000fc2       data     extern C:\MCC18\src\traditional\proc\p18F4620.asm
                   ADRESL   0x000fc3       data     extern C:\MCC18\src\traditional\proc\p18F4620.asm
                    ADRES   0x000fc3       data     extern C:\MCC18\src\traditional\proc\p18F4620.asm
                   ADRESH   0x000fc4       data     extern C:\MCC18\src\traditional\proc\p18F4620.asm
                  SSPCON2   0x000fc5       data     extern C:\MCC18\src\traditional\proc\p18F4620.asm
              SSPCON2bits   0x000fc5       data     extern C:\MCC18\src\traditional\proc\p18F4620.asm
              SSPCON1bits   0x000fc6       data     extern C:\MCC18\src\traditional\proc\p18F4620.asm
                  SSPCON1   0x000fc6       data     extern C:\MCC18\src\traditional\proc\p18F4620.asm
                  SSPSTAT   0x000fc7       data     extern C:\MCC18\src\traditional\proc\p18F4620.asm
              SSPSTATbits   0x000fc7       data     extern C:\MCC18\src\traditional\proc\p18F4620.asm
                   SSPADD   0x000fc8       data     extern C:\MCC18\src\traditional\proc\p18F4620.asm
                   SSPBUF   0x000fc9       data     extern C:\MCC18\src\traditional\proc\p18F4620.asm
                T2CONbits   0x000fca       data     extern C:\MCC18\src\traditional\proc\p18F4620.asm
                    T2CON   0x000fca       data     extern C:\MCC18\src\traditional\proc\p18F4620.asm
                      PR2   0x000fcb       data     extern C:\MCC18\src\traditional\proc\p18F4620.asm
                     TMR2   0x000fcc       data     extern C:\MCC18\src\traditional\proc\p18F4620.asm
                    T1CON   0x000fcd       data     extern C:\MCC18\src\traditional\proc\p18F4620.asm
                T1CONbits   0x000fcd       data     extern C:\MCC18\src\traditional\proc\p18F4620.asm
                    TMR1L   0x000fce       data     extern C:\MCC18\src\traditional\proc\p18F4620.asm
                    TMR1H   0x000fcf       data     extern C:\MCC18\src\traditional\proc\p18F4620.asm
                     RCON   0x000fd0       data     extern C:\MCC18\src\traditional\proc\p18F4620.asm
                 RCONbits   0x000fd0       data     extern C:\MCC18\src\traditional\proc\p18F4620.asm
               WDTCONbits   0x000fd1       data     extern C:\MCC18\src\traditional\proc\p18F4620.asm
                   WDTCON   0x000fd1       data     extern C:\MCC18\src\traditional\proc\p18F4620.asm
               LVDCONbits   0x000fd2       data     extern C:\MCC18\src\traditional\proc\p18F4620.asm
                   LVDCON   0x000fd2       data     extern C:\MCC18\src\traditional\proc\p18F4620.asm
                  HLVDCON   0x000fd2       data     extern C:\MCC18\src\traditional\proc\p18F4620.asm
              HLVDCONbits   0x000fd2       data     extern C:\MCC18\src\traditional\proc\p18F4620.asm
               OSCCONbits   0x000fd3       data     extern C:\MCC18\src\traditional\proc\p18F4620.asm
                   OSCCON   0x000fd3       data     extern C:\MCC18\src\traditional\proc\p18F4620.asm
                    T0CON   0x000fd5       data     extern C:\MCC18\src\traditional\proc\p18F4620.asm
                T0CONbits   0x000fd5       data     extern C:\MCC18\src\traditional\proc\p18F4620.asm
                    TMR0L   0x000fd6       data     extern C:\MCC18\src\traditional\proc\p18F4620.asm
                    TMR0H   0x000fd7       data     extern C:\MCC18\src\traditional\proc\p18F4620.asm
               STATUSbits   0x000fd8       data     extern C:\MCC18\src\traditional\proc\p18F4620.asm
                   STATUS   0x000fd8       data     extern C:\MCC18\src\traditional\proc\p18F4620.asm
                     FSR2   0x000fd9       data     extern C:\MCC18\src\traditional\proc\p18F4620.asm
                    FSR2L   0x000fd9       data     extern C:\MCC18\src\traditional\proc\p18F4620.asm
                    FSR2H   0x000fda       data     extern C:\MCC18\src\traditional\proc\p18F4620.asm
                   PLUSW2   0x000fdb       data     extern C:\MCC18\src\traditional\proc\p18F4620.asm
                  PREINC2   0x000fdc       data     extern C:\MCC18\src\traditional\proc\p18F4620.asm
                 POSTDEC2   0x000fdd       data     extern C:\MCC18\src\traditional\proc\p18F4620.asm
                 POSTINC2   0x000fde       data     extern C:\MCC18\src\traditional\proc\p18F4620.asm
                    INDF2   0x000fdf       data     extern C:\MCC18\src\traditional\proc\p18F4620.asm
                      BSR   0x000fe0       data     extern C:\MCC18\src\traditional\proc\p18F4620.asm
                     FSR1   0x000fe1       data     extern C:\MCC18\src\traditional\proc\p18F4620.asm
                    FSR1L   0x000fe1       data     extern C:\MCC18\src\traditional\proc\p18F4620.asm
                    FSR1H   0x000fe2       data     extern C:\MCC18\src\traditional\proc\p18F4620.asm
                   PLUSW1   0x000fe3       data     extern C:\MCC18\src\traditional\proc\p18F4620.asm
                  PREINC1   0x000fe4       data     extern C:\MCC18\src\traditional\proc\p18F4620.asm
                 POSTDEC1   0x000fe5       data     extern C:\MCC18\src\traditional\proc\p18F4620.asm
                 POSTINC1   0x000fe6       data     extern C:\MCC18\src\traditional\proc\p18F4620.asm
                    INDF1   0x000fe7       data     extern C:\MCC18\src\traditional\proc\p18F4620.asm
                        W   0x000fe8       data     extern C:\MCC18\src\traditional\proc\p18F4620.asm
                     WREG   0x000fe8       data     extern C:\MCC18\src\traditional\proc\p18F4620.asm
                    FSR0L   0x000fe9       data     extern C:\MCC18\src\traditional\proc\p18F4620.asm
                     FSR0   0x000fe9       data     extern C:\MCC18\src\traditional\proc\p18F4620.asm
                    FSR0H   0x000fea       data     extern C:\MCC18\src\traditional\proc\p18F4620.asm
                   PLUSW0   0x000feb       data     extern C:\MCC18\src\traditional\proc\p18F4620.asm
                  PREINC0   0x000fec       data     extern C:\MCC18\src\traditional\proc\p18F4620.asm
                 POSTDEC0   0x000fed       data     extern C:\MCC18\src\traditional\proc\p18F4620.asm
                 POSTINC0   0x000fee       data     extern C:\MCC18\src\traditional\proc\p18F4620.asm
                    INDF0   0x000fef       data     extern C:\MCC18\src\traditional\proc\p18F4620.asm
                  INTCON3   0x000ff0       data     extern C:\MCC18\src\traditional\proc\p18F4620.asm
              INTCON3bits   0x000ff0       data     extern C:\MCC18\src\traditional\proc\p18F4620.asm
                  INTCON2   0x000ff1       data     extern C:\MCC18\src\traditional\proc\p18F4620.asm
              INTCON2bits   0x000ff1       data     extern C:\MCC18\src\traditional\proc\p18F4620.asm
               INTCONbits   0x000ff2       data     extern C:\MCC18\src\traditional\proc\p18F4620.asm
                   INTCON   0x000ff2       data     extern C:\MCC18\src\traditional\proc\p18F4620.asm
                    PRODL   0x000ff3       data     extern C:\MCC18\src\traditional\proc\p18F4620.asm
                     PROD   0x000ff3       data     extern C:\MCC18\src\traditional\proc\p18F4620.asm
                    PRODH   0x000ff4       data     extern C:\MCC18\src\traditional\proc\p18F4620.asm
                   TABLAT   0x000ff5       data     extern C:\MCC18\src\traditional\proc\p18F4620.asm
                   TBLPTR   0x000ff6       data     extern C:\MCC18\src\traditional\proc\p18F4620.asm
                  TBLPTRL   0x000ff6       data     extern C:\MCC18\src\traditional\proc\p18F4620.asm
                  TBLPTRH   0x000ff7       data     extern C:\MCC18\src\traditional\proc\p18F4620.asm
                  TBLPTRU   0x000ff8       data     extern C:\MCC18\src\traditional\proc\p18F4620.asm
                      PCL   0x000ff9       data     extern C:\MCC18\src\traditional\proc\p18F4620.asm
                       PC   0x000ff9       data     extern C:\MCC18\src\traditional\proc\p18F4620.asm
                   PCLATH   0x000ffa       data     extern C:\MCC18\src\traditional\proc\p18F4620.asm
                   PCLATU   0x000ffb       data     extern C:\MCC18\src\traditional\proc\p18F4620.asm
               STKPTRbits   0x000ffc       data     extern C:\MCC18\src\traditional\proc\p18F4620.asm
                   STKPTR   0x000ffc       data     extern C:\MCC18\src\traditional\proc\p18F4620.asm
                      TOS   0x000ffd       data     extern C:\MCC18\src\traditional\proc\p18F4620.asm
                     TOSL   0x000ffd       data     extern C:\MCC18\src\traditional\proc\p18F4620.asm
                     TOSH   0x000ffe       data     extern C:\MCC18\src\traditional\proc\p18F4620.asm
                     TOSU   0x000fff       data     extern C:\MCC18\src\traditional\proc\p18F4620.asm


